Archive member included to satisfy reference by file (symbol)

c:/elipse_arm_ide/gcc-arm-none-eabi/bin/../lib/gcc/arm-none-eabi/5.4.1/../../../../arm-none-eabi/lib/armv7-m\libg.a(lib_a-exit.o)
                              c:/elipse_arm_ide/gcc-arm-none-eabi/bin/../lib/gcc/arm-none-eabi/5.4.1/../../../../arm-none-eabi/lib/armv7-m/crt0.o (exit)
c:/elipse_arm_ide/gcc-arm-none-eabi/bin/../lib/gcc/arm-none-eabi/5.4.1/../../../../arm-none-eabi/lib/armv7-m\libg.a(lib_a-impure.o)
                              c:/elipse_arm_ide/gcc-arm-none-eabi/bin/../lib/gcc/arm-none-eabi/5.4.1/../../../../arm-none-eabi/lib/armv7-m\libg.a(lib_a-exit.o) (_global_impure_ptr)
c:/elipse_arm_ide/gcc-arm-none-eabi/bin/../lib/gcc/arm-none-eabi/5.4.1/../../../../arm-none-eabi/lib/armv7-m\libg.a(lib_a-init.o)
                              c:/elipse_arm_ide/gcc-arm-none-eabi/bin/../lib/gcc/arm-none-eabi/5.4.1/../../../../arm-none-eabi/lib/armv7-m/crt0.o (__libc_init_array)
c:/elipse_arm_ide/gcc-arm-none-eabi/bin/../lib/gcc/arm-none-eabi/5.4.1/../../../../arm-none-eabi/lib/armv7-m\libg.a(lib_a-memset.o)
                              c:/elipse_arm_ide/gcc-arm-none-eabi/bin/../lib/gcc/arm-none-eabi/5.4.1/../../../../arm-none-eabi/lib/armv7-m/crt0.o (memset)
c:/elipse_arm_ide/gcc-arm-none-eabi/bin/../lib/gcc/arm-none-eabi/5.4.1/../../../../arm-none-eabi/lib/armv7-m\libg.a(lib_a-__call_atexit.o)
                              c:/elipse_arm_ide/gcc-arm-none-eabi/bin/../lib/gcc/arm-none-eabi/5.4.1/../../../../arm-none-eabi/lib/armv7-m\libg.a(lib_a-exit.o) (__call_exitprocs)
c:/elipse_arm_ide/gcc-arm-none-eabi/bin/../lib/gcc/arm-none-eabi/5.4.1/../../../../arm-none-eabi/lib/armv7-m\libg.a(lib_a-atexit.o)
                              c:/elipse_arm_ide/gcc-arm-none-eabi/bin/../lib/gcc/arm-none-eabi/5.4.1/../../../../arm-none-eabi/lib/armv7-m\libg.a(lib_a-__call_atexit.o) (atexit)
c:/elipse_arm_ide/gcc-arm-none-eabi/bin/../lib/gcc/arm-none-eabi/5.4.1/../../../../arm-none-eabi/lib/armv7-m\libg.a(lib_a-fini.o)
                              c:/elipse_arm_ide/gcc-arm-none-eabi/bin/../lib/gcc/arm-none-eabi/5.4.1/../../../../arm-none-eabi/lib/armv7-m\libg.a(lib_a-__call_atexit.o) (__libc_fini_array)
c:/elipse_arm_ide/gcc-arm-none-eabi/bin/../lib/gcc/arm-none-eabi/5.4.1/../../../../arm-none-eabi/lib/armv7-m\libg.a(lib_a-__atexit.o)
                              c:/elipse_arm_ide/gcc-arm-none-eabi/bin/../lib/gcc/arm-none-eabi/5.4.1/../../../../arm-none-eabi/lib/armv7-m\libg.a(lib_a-atexit.o) (__register_exitproc)

Allocating common symbols
Common symbol       size              file

hspi2               0x58              ./Src/main.o
huart3              0x40              ./Src/main.o
pFlash              0x20              ./Drivers/STM32F1xx_HAL_Driver/Src/stm32f1xx_hal_flash.o
ble_command_table   0x20              ./Bspilot_Src/bshh_ble.o
hadc1               0x30              ./Src/main.o
ble_status_buffer   0x20              ./Bspilot_Src/bshh_ble.o
hdma_adc1           0x38              ./Src/main.o
hpcd_USB_FS         0x420             ./Src/main.o

Discarded input sections

 .text          0x00000000        0x0 c:/elipse_arm_ide/gcc-arm-none-eabi/bin/../lib/gcc/arm-none-eabi/5.4.1/armv7-m/crti.o
 .data          0x00000000        0x0 c:/elipse_arm_ide/gcc-arm-none-eabi/bin/../lib/gcc/arm-none-eabi/5.4.1/armv7-m/crti.o
 .bss           0x00000000        0x0 c:/elipse_arm_ide/gcc-arm-none-eabi/bin/../lib/gcc/arm-none-eabi/5.4.1/armv7-m/crti.o
 .data          0x00000000        0x4 c:/elipse_arm_ide/gcc-arm-none-eabi/bin/../lib/gcc/arm-none-eabi/5.4.1/armv7-m/crtbegin.o
 .text          0x00000000       0x74 c:/elipse_arm_ide/gcc-arm-none-eabi/bin/../lib/gcc/arm-none-eabi/5.4.1/../../../../arm-none-eabi/lib/armv7-m/crt0.o
 .data          0x00000000        0x0 c:/elipse_arm_ide/gcc-arm-none-eabi/bin/../lib/gcc/arm-none-eabi/5.4.1/../../../../arm-none-eabi/lib/armv7-m/crt0.o
 .bss           0x00000000        0x0 c:/elipse_arm_ide/gcc-arm-none-eabi/bin/../lib/gcc/arm-none-eabi/5.4.1/../../../../arm-none-eabi/lib/armv7-m/crt0.o
 .ARM.extab     0x00000000        0x0 c:/elipse_arm_ide/gcc-arm-none-eabi/bin/../lib/gcc/arm-none-eabi/5.4.1/../../../../arm-none-eabi/lib/armv7-m/crt0.o
 .ARM.exidx     0x00000000        0x8 c:/elipse_arm_ide/gcc-arm-none-eabi/bin/../lib/gcc/arm-none-eabi/5.4.1/../../../../arm-none-eabi/lib/armv7-m/crt0.o
 .ARM.attributes
                0x00000000       0x1b c:/elipse_arm_ide/gcc-arm-none-eabi/bin/../lib/gcc/arm-none-eabi/5.4.1/../../../../arm-none-eabi/lib/armv7-m/crt0.o
 .text          0x00000000       0x14 ./startup/startup_stm32f103xb.o
 .data          0x00000000        0x0 ./startup/startup_stm32f103xb.o
 .bss           0x00000000        0x0 ./startup/startup_stm32f103xb.o
 .group         0x00000000        0x8 ./Src/main.o
 .group         0x00000000        0x8 ./Src/main.o
 .group         0x00000000        0x8 ./Src/main.o
 .group         0x00000000        0x8 ./Src/main.o
 .group         0x00000000        0x8 ./Src/main.o
[...]
Memory Configuration

Name             Origin             Length             Attributes
RAM              0x20000000         0x00005000         xrw
FLASH            0x08000000         0x00010000         xr
*default*        0x00000000         0xffffffff

Linker script and memory map

LOAD c:/elipse_arm_ide/gcc-arm-none-eabi/bin/../lib/gcc/arm-none-eabi/5.4.1/armv7-m/crti.o
LOAD c:/elipse_arm_ide/gcc-arm-none-eabi/bin/../lib/gcc/arm-none-eabi/5.4.1/armv7-m/crtbegin.o
LOAD c:/elipse_arm_ide/gcc-arm-none-eabi/bin/../lib/gcc/arm-none-eabi/5.4.1/../../../../arm-none-eabi/lib/armv7-m/crt0.o
LOAD ./startup/startup_stm32f103xb.o
LOAD ./Src/main.o
LOAD ./Src/stm32f1xx_hal_msp.o
LOAD ./Src/stm32f1xx_it.o
LOAD ./Src/system_stm32f1xx.o
LOAD ./Drivers/STM32F1xx_HAL_Driver/Src/stm32f1xx_hal.o
LOAD ./Drivers/STM32F1xx_HAL_Driver/Src/stm32f1xx_hal_adc.o
LOAD ./Drivers/STM32F1xx_HAL_Driver/Src/stm32f1xx_hal_adc_ex.o
LOAD ./Drivers/STM32F1xx_HAL_Driver/Src/stm32f1xx_hal_cortex.o
LOAD ./Drivers/STM32F1xx_HAL_Driver/Src/stm32f1xx_hal_dma.o
LOAD ./Drivers/STM32F1xx_HAL_Driver/Src/stm32f1xx_hal_flash.o
LOAD ./Drivers/STM32F1xx_HAL_Driver/Src/stm32f1xx_hal_flash_ex.o
LOAD ./Drivers/STM32F1xx_HAL_Driver/Src/stm32f1xx_hal_gpio.o
LOAD ./Drivers/STM32F1xx_HAL_Driver/Src/stm32f1xx_hal_gpio_ex.o
LOAD ./Drivers/STM32F1xx_HAL_Driver/Src/stm32f1xx_hal_pcd.o
LOAD ./Drivers/STM32F1xx_HAL_Driver/Src/stm32f1xx_hal_pcd_ex.o
LOAD ./Drivers/STM32F1xx_HAL_Driver/Src/stm32f1xx_hal_pwr.o
LOAD ./Drivers/STM32F1xx_HAL_Driver/Src/stm32f1xx_hal_rcc.o
LOAD ./Drivers/STM32F1xx_HAL_Driver/Src/stm32f1xx_hal_rcc_ex.o
LOAD ./Drivers/STM32F1xx_HAL_Driver/Src/stm32f1xx_hal_spi.o
LOAD ./Drivers/STM32F1xx_HAL_Driver/Src/stm32f1xx_hal_spi_ex.o
LOAD ./Drivers/STM32F1xx_HAL_Driver/Src/stm32f1xx_hal_uart.o
LOAD ./Drivers/STM32F1xx_HAL_Driver/Src/stm32f1xx_ll_usb.o
LOAD ./Bspilot_Src/bshh_beep.o
LOAD ./Bspilot_Src/bshh_ble.o
LOAD ./Bspilot_Src/bshh_led.o
LOAD ./Bspilot_Src/bshh_main.o
LOAD ./Bspilot_Src/bshh_oled.o
START GROUP
LOAD c:/elipse_arm_ide/gcc-arm-none-eabi/bin/../lib/gcc/arm-none-eabi/5.4.1/armv7-m\libgcc.a
LOAD c:/elipse_arm_ide/gcc-arm-none-eabi/bin/../lib/gcc/arm-none-eabi/5.4.1/../../../../arm-none-eabi/lib/armv7-m\libg.a
LOAD c:/elipse_arm_ide/gcc-arm-none-eabi/bin/../lib/gcc/arm-none-eabi/5.4.1/../../../../arm-none-eabi/lib/armv7-m\libc.a
END GROUP
LOAD c:/elipse_arm_ide/gcc-arm-none-eabi/bin/../lib/gcc/arm-none-eabi/5.4.1/armv7-m/crtend.o
LOAD c:/elipse_arm_ide/gcc-arm-none-eabi/bin/../lib/gcc/arm-none-eabi/5.4.1/armv7-m/crtn.o
                0x20005000                _estack = 0x20005000
                0x00000200                _Min_Heap_Size = 0x200
                0x00000400                _Min_Stack_Size = 0x400

.isr_vector     0x08000000      0x10c
                0x08000000                . = ALIGN (0x4)
 *(.isr_vector)
 .isr_vector    0x08000000      0x10c ./startup/startup_stm32f103xb.o
                0x08000000                g_pfnVectors
                0x0800010c                . = ALIGN (0x4)

.text           0x0800010c     0x45bc
                0x0800010c                . = ALIGN (0x4)
 *(.text)
 .text          0x0800010c       0x5c c:/elipse_arm_ide/gcc-arm-none-eabi/bin/../lib/gcc/arm-none-eabi/5.4.1/armv7-m/crtbegin.o
 *(.text*)
 .text.Reset_Handler
                0x08000168       0x48 ./startup/startup_stm32f103xb.o
                0x08000168                Reset_Handler
 .text.Default_Handler
                0x080001b0        0x2 ./startup/startup_stm32f103xb.o
                0x080001b0                RTC_Alarm_IRQHandler
                0x080001b0                EXTI2_IRQHandler
                0x080001b0                TIM1_CC_IRQHandler
                0x080001b0                PVD_IRQHandler
                0x080001b0                EXTI3_IRQHandler
                0x080001b0                EXTI0_IRQHandler
                0x080001b0                I2C2_EV_IRQHandler
                0x080001b0                ADC1_2_IRQHandler
                0x080001b0                SPI1_IRQHandler
                0x080001b0                TAMPER_IRQHandler
                0x080001b0                DMA1_Channel4_IRQHandler
                0x080001b0                RTC_IRQHandler
                0x080001b0                DMA1_Channel7_IRQHandler
                0x080001b0                CAN1_RX1_IRQHandler
                0x080001b0                TIM4_IRQHandler
                0x080001b0                I2C1_EV_IRQHandler
                0x080001b0                DMA1_Channel6_IRQHandler
                0x080001b0                TIM3_IRQHandler
                0x080001b0                RCC_IRQHandler
                0x080001b0                TIM1_TRG_COM_IRQHandler
                0x080001b0                Default_Handler
                0x080001b0                EXTI15_10_IRQHandler
                0x080001b0                EXTI9_5_IRQHandler
                0x080001b0                SPI2_IRQHandler
                0x080001b0                DMA1_Channel5_IRQHandler
                0x080001b0                EXTI4_IRQHandler
                0x080001b0                USB_LP_CAN1_RX0_IRQHandler
                0x080001b0                USB_HP_CAN1_TX_IRQHandler
                0x080001b0                DMA1_Channel3_IRQHandler
                0x080001b0                TIM1_UP_IRQHandler
                0x080001b0                WWDG_IRQHandler
                0x080001b0                TIM2_IRQHandler
                0x080001b0                TIM1_BRK_IRQHandler
                0x080001b0                EXTI1_IRQHandler
                0x080001b0                USART2_IRQHandler
                0x080001b0                I2C2_ER_IRQHandler
                0x080001b0                DMA1_Channel2_IRQHandler
                0x080001b0                CAN1_SCE_IRQHandler
                0x080001b0                FLASH_IRQHandler
                0x080001b0                USART1_IRQHandler
                0x080001b0                I2C1_ER_IRQHandler
                0x080001b0                USBWakeUp_IRQHandler
 *fill*         0x080001b2        0x2 
 .text.main     0x080001b4       0x2c ./Src/main.o
                0x080001b4                main
 .text.SystemClock_Config
                0x080001e0       0xbc ./Src/main.o
                0x080001e0                SystemClock_Config
 .text.MX_ADC1_Init
                0x0800029c       0x74 ./Src/main.o
 .text.MX_SPI2_Init
                0x08000310       0x6c ./Src/main.o
 .text.MX_USART3_UART_Init
                0x0800037c       0x54 ./Src/main.o
 .text.MX_USB_PCD_Init
                0x080003d0       0x4c ./Src/main.o
 .text.MX_DMA_Init
                0x0800041c       0x3c ./Src/main.o
 .text.MX_GPIO_Init
                0x08000458      0x118 ./Src/main.o
 .text.Error_Handler
                0x08000570        0x8 ./Src/main.o
                0x08000570                Error_Handler
 .text.HAL_MspInit
                0x08000578       0x84 ./Src/stm32f1xx_hal_msp.o
                0x08000578                HAL_MspInit
 .text.HAL_ADC_MspInit
                0x080005fc       0xc4 ./Src/stm32f1xx_hal_msp.o
                0x080005fc                HAL_ADC_MspInit
 .text.HAL_SPI_MspInit
                0x080006c0       0x74 ./Src/stm32f1xx_hal_msp.o
                0x080006c0                HAL_SPI_MspInit
 .text.HAL_UART_MspInit
                0x08000734       0x74 ./Src/stm32f1xx_hal_msp.o
                0x08000734                HAL_UART_MspInit
 .text.HAL_PCD_MspInit
                0x080007a8       0x3c ./Src/stm32f1xx_hal_msp.o
                0x080007a8                HAL_PCD_MspInit
 .text.NMI_Handler
                0x080007e4        0xc ./Src/stm32f1xx_it.o
                0x080007e4                NMI_Handler
 .text.HardFault_Handler
                0x080007f0        0x8 ./Src/stm32f1xx_it.o
                0x080007f0                HardFault_Handler
 .text.MemManage_Handler
                0x080007f8        0x8 ./Src/stm32f1xx_it.o
                0x080007f8                MemManage_Handler
 .text.BusFault_Handler
                0x08000800        0x8 ./Src/stm32f1xx_it.o
                0x08000800                BusFault_Handler
 .text.UsageFault_Handler
                0x08000808        0x8 ./Src/stm32f1xx_it.o
                0x08000808                UsageFault_Handler
 .text.SVC_Handler
                0x08000810        0xc ./Src/stm32f1xx_it.o
                0x08000810                SVC_Handler
 .text.DebugMon_Handler
                0x0800081c        0xc ./Src/stm32f1xx_it.o
                0x0800081c                DebugMon_Handler
 .text.PendSV_Handler
                0x08000828        0xc ./Src/stm32f1xx_it.o
                0x08000828                PendSV_Handler
 .text.SysTick_Handler
                0x08000834       0x10 ./Src/stm32f1xx_it.o
                0x08000834                SysTick_Handler
 .text.DMA1_Channel1_IRQHandler
                0x08000844       0x14 ./Src/stm32f1xx_it.o
                0x08000844                DMA1_Channel1_IRQHandler
 .text.USART3_IRQHandler
                0x08000858       0x14 ./Src/stm32f1xx_it.o
                0x08000858                USART3_IRQHandler
 .text.SystemInit
                0x0800086c       0x68 ./Src/system_stm32f1xx.o
                0x0800086c                SystemInit
 .text.HAL_Init
                0x080008d4       0x2c ./Drivers/STM32F1xx_HAL_Driver/Src/stm32f1xx_hal.o
                0x080008d4                HAL_Init
 .text.HAL_InitTick
                0x08000900       0x38 ./Drivers/STM32F1xx_HAL_Driver/Src/stm32f1xx_hal.o
                0x08000900                HAL_InitTick
 .text.HAL_IncTick
                0x08000938       0x1c ./Drivers/STM32F1xx_HAL_Driver/Src/stm32f1xx_hal.o
                0x08000938                HAL_IncTick
 .text.HAL_GetTick
                0x08000954       0x14 ./Drivers/STM32F1xx_HAL_Driver/Src/stm32f1xx_hal.o
                0x08000954                HAL_GetTick
 .text.HAL_Delay
                0x08000968       0x2c ./Drivers/STM32F1xx_HAL_Driver/Src/stm32f1xx_hal.o
                0x08000968                HAL_Delay
 .text.HAL_ADC_Init
                0x08000994      0x1fc ./Drivers/STM32F1xx_HAL_Driver/Src/stm32f1xx_hal_adc.o
                0x08000994                HAL_ADC_Init
 .text.HAL_ADC_ConfigChannel
                0x08000b90      0x2b8 ./Drivers/STM32F1xx_HAL_Driver/Src/stm32f1xx_hal_adc.o
                0x08000b90                HAL_ADC_ConfigChannel
 .text.ADC_ConversionStop_Disable
                0x08000e48       0x74 ./Drivers/STM32F1xx_HAL_Driver/Src/stm32f1xx_hal_adc.o
                0x08000e48                ADC_ConversionStop_Disable
 .text.NVIC_SetPriorityGrouping
                0x08000ebc       0x48 ./Drivers/STM32F1xx_HAL_Driver/Src/stm32f1xx_hal_cortex.o
 .text.NVIC_GetPriorityGrouping
                0x08000f04       0x1c ./Drivers/STM32F1xx_HAL_Driver/Src/stm32f1xx_hal_cortex.o
 .text.NVIC_EnableIRQ
                0x08000f20       0x30 ./Drivers/STM32F1xx_HAL_Driver/Src/stm32f1xx_hal_cortex.o
 .text.NVIC_SetPriority
                0x08000f50       0x54 ./Drivers/STM32F1xx_HAL_Driver/Src/stm32f1xx_hal_cortex.o
 .text.NVIC_EncodePriority
                0x08000fa4       0x60 ./Drivers/STM32F1xx_HAL_Driver/Src/stm32f1xx_hal_cortex.o
 .text.SysTick_Config
                0x08001004       0x44 ./Drivers/STM32F1xx_HAL_Driver/Src/stm32f1xx_hal_cortex.o
 .text.HAL_NVIC_SetPriorityGrouping
                0x08001048       0x18 ./Drivers/STM32F1xx_HAL_Driver/Src/stm32f1xx_hal_cortex.o
                0x08001048                HAL_NVIC_SetPriorityGrouping
 .text.HAL_NVIC_SetPriority
                0x08001060       0x38 ./Drivers/STM32F1xx_HAL_Driver/Src/stm32f1xx_hal_cortex.o
                0x08001060                HAL_NVIC_SetPriority
 .text.HAL_NVIC_EnableIRQ
                0x08001098       0x1c ./Drivers/STM32F1xx_HAL_Driver/Src/stm32f1xx_hal_cortex.o
                0x08001098                HAL_NVIC_EnableIRQ
 .text.HAL_SYSTICK_Config
                0x080010b4       0x18 ./Drivers/STM32F1xx_HAL_Driver/Src/stm32f1xx_hal_cortex.o
                0x080010b4                HAL_SYSTICK_Config
 .text.HAL_SYSTICK_CLKSourceConfig
                0x080010cc       0x38 ./Drivers/STM32F1xx_HAL_Driver/Src/stm32f1xx_hal_cortex.o
                0x080010cc                HAL_SYSTICK_CLKSourceConfig
 .text.HAL_SYSTICK_IRQHandler
                0x08001104        0xc ./Drivers/STM32F1xx_HAL_Driver/Src/stm32f1xx_hal_cortex.o
                0x08001104                HAL_SYSTICK_IRQHandler
 .text.HAL_SYSTICK_Callback
                0x08001110        0xc ./Drivers/STM32F1xx_HAL_Driver/Src/stm32f1xx_hal_cortex.o
                0x08001110                HAL_SYSTICK_Callback
 .text.HAL_DMA_Init
                0x0800111c       0x94 ./Drivers/STM32F1xx_HAL_Driver/Src/stm32f1xx_hal_dma.o
                0x0800111c                HAL_DMA_Init
 .text.HAL_DMA_IRQHandler
                0x080011b0      0x3e0 ./Drivers/STM32F1xx_HAL_Driver/Src/stm32f1xx_hal_dma.o
                0x080011b0                HAL_DMA_IRQHandler
 .text.HAL_GPIO_Init
                0x08001590      0x2bc ./Drivers/STM32F1xx_HAL_Driver/Src/stm32f1xx_hal_gpio.o
                0x08001590                HAL_GPIO_Init
 .text.HAL_GPIO_ReadPin
                0x0800184c       0x30 ./Drivers/STM32F1xx_HAL_Driver/Src/stm32f1xx_hal_gpio.o
                0x0800184c                HAL_GPIO_ReadPin
 .text.HAL_GPIO_WritePin
                0x0800187c       0x30 ./Drivers/STM32F1xx_HAL_Driver/Src/stm32f1xx_hal_gpio.o
                0x0800187c                HAL_GPIO_WritePin
 .text.HAL_GPIO_TogglePin
                0x080018ac       0x24 ./Drivers/STM32F1xx_HAL_Driver/Src/stm32f1xx_hal_gpio.o
                0x080018ac                HAL_GPIO_TogglePin
 .text.HAL_PCD_Init
                0x080018d0      0x1b4 ./Drivers/STM32F1xx_HAL_Driver/Src/stm32f1xx_hal_pcd.o
                0x080018d0                HAL_PCD_Init
 .text.HAL_RCC_OscConfig
                0x08001a84      0xe40 ./Drivers/STM32F1xx_HAL_Driver/Src/stm32f1xx_hal_rcc.o
                0x08001a84                HAL_RCC_OscConfig
 .text.HAL_RCC_ClockConfig
                0x080028c4      0x378 ./Drivers/STM32F1xx_HAL_Driver/Src/stm32f1xx_hal_rcc.o
                0x080028c4                HAL_RCC_ClockConfig
 .text.HAL_RCC_GetSysClockFreq
                0x08002c3c       0xf4 ./Drivers/STM32F1xx_HAL_Driver/Src/stm32f1xx_hal_rcc.o
                0x08002c3c                HAL_RCC_GetSysClockFreq
 .text.HAL_RCC_GetHCLKFreq
                0x08002d30       0x14 ./Drivers/STM32F1xx_HAL_Driver/Src/stm32f1xx_hal_rcc.o
                0x08002d30                HAL_RCC_GetHCLKFreq
 .text.HAL_RCC_GetPCLK1Freq
                0x08002d44       0x44 ./Drivers/STM32F1xx_HAL_Driver/Src/stm32f1xx_hal_rcc.o
                0x08002d44                HAL_RCC_GetPCLK1Freq
 .text.HAL_RCC_GetPCLK2Freq
                0x08002d88       0x44 ./Drivers/STM32F1xx_HAL_Driver/Src/stm32f1xx_hal_rcc.o
                0x08002d88                HAL_RCC_GetPCLK2Freq
 .text.HAL_RCCEx_PeriphCLKConfig
                0x08002dcc      0x1ec ./Drivers/STM32F1xx_HAL_Driver/Src/stm32f1xx_hal_rcc_ex.o
                0x08002dcc                HAL_RCCEx_PeriphCLKConfig
 .text.HAL_SPI_Init
                0x08002fb8       0xcc ./Drivers/STM32F1xx_HAL_Driver/Src/stm32f1xx_hal_spi_ex.o
                0x08002fb8                HAL_SPI_Init
 .text.HAL_UART_Init
                0x08003084       0x94 ./Drivers/STM32F1xx_HAL_Driver/Src/stm32f1xx_hal_uart.o
                0x08003084                HAL_UART_Init
 .text.HAL_UART_Transmit
                0x08003118      0x150 ./Drivers/STM32F1xx_HAL_Driver/Src/stm32f1xx_hal_uart.o
                0x08003118                HAL_UART_Transmit
 .text.HAL_UART_Receive
                0x08003268      0x170 ./Drivers/STM32F1xx_HAL_Driver/Src/stm32f1xx_hal_uart.o
                0x08003268                HAL_UART_Receive
 .text.HAL_UART_IRQHandler
                0x080033d8      0x1ac ./Drivers/STM32F1xx_HAL_Driver/Src/stm32f1xx_hal_uart.o
                0x080033d8                HAL_UART_IRQHandler
 .text.HAL_UART_TxCpltCallback
                0x08003584       0x14 ./Drivers/STM32F1xx_HAL_Driver/Src/stm32f1xx_hal_uart.o
                0x08003584                HAL_UART_TxCpltCallback
 .text.HAL_UART_RxCpltCallback
                0x08003598       0x14 ./Drivers/STM32F1xx_HAL_Driver/Src/stm32f1xx_hal_uart.o
                0x08003598                HAL_UART_RxCpltCallback
 .text.HAL_UART_ErrorCallback
                0x080035ac       0x14 ./Drivers/STM32F1xx_HAL_Driver/Src/stm32f1xx_hal_uart.o
                0x080035ac                HAL_UART_ErrorCallback
 .text.UART_WaitOnFlagUntilTimeout
                0x080035c0      0x134 ./Drivers/STM32F1xx_HAL_Driver/Src/stm32f1xx_hal_uart.o
 .text.UART_Transmit_IT
                0x080036f4       0xb8 ./Drivers/STM32F1xx_HAL_Driver/Src/stm32f1xx_hal_uart.o
 .text.UART_EndTransmit_IT
                0x080037ac       0x48 ./Drivers/STM32F1xx_HAL_Driver/Src/stm32f1xx_hal_uart.o
 .text.UART_Receive_IT
                0x080037f4      0x128 ./Drivers/STM32F1xx_HAL_Driver/Src/stm32f1xx_hal_uart.o
 .text.UART_SetConfig
                0x0800391c      0x22c ./Drivers/STM32F1xx_HAL_Driver/Src/stm32f1xx_hal_uart.o
 .text.USB_CoreInit
                0x08003b48       0x20 ./Drivers/STM32F1xx_HAL_Driver/Src/stm32f1xx_ll_usb.o
                0x08003b48                USB_CoreInit
 .text.USB_DisableGlobalInt
                0x08003b68       0x38 ./Drivers/STM32F1xx_HAL_Driver/Src/stm32f1xx_ll_usb.o
                0x08003b68                USB_DisableGlobalInt
 .text.USB_SetCurrentMode
                0x08003ba0       0x18 ./Drivers/STM32F1xx_HAL_Driver/Src/stm32f1xx_ll_usb.o
                0x08003ba0                USB_SetCurrentMode
 .text.USB_DevInit
                0x08003bb8       0x40 ./Drivers/STM32F1xx_HAL_Driver/Src/stm32f1xx_ll_usb.o
                0x08003bb8                USB_DevInit
 .text.USB_DevDisconnect
                0x08003bf8       0x14 ./Drivers/STM32F1xx_HAL_Driver/Src/stm32f1xx_ll_usb.o
                0x08003bf8                USB_DevDisconnect
 .text.bshh_beep_delay_ms
                0x08003c0c       0x18 ./Bspilot_Src/bshh_beep.o
                0x08003c0c                bshh_beep_delay_ms
 .text.bshh_beep_on
                0x08003c24       0x1c ./Bspilot_Src/bshh_beep.o
                0x08003c24                bshh_beep_on
 .text.bshh_beep_off
                0x08003c40       0x18 ./Bspilot_Src/bshh_beep.o
                0x08003c40                bshh_beep_off
 .text.bshh_beep_once
                0x08003c58       0x10 ./Bspilot_Src/bshh_beep.o
                0x08003c58                bshh_beep_once
 .text.bshh_led_delay_ms
                0x08003c68       0x18 ./Bspilot_Src/bshh_ble.o
                0x08003c68                bshh_led_delay_ms
 .text.bshh_ble_show_command
                0x08003c80       0x58 ./Bspilot_Src/bshh_ble.o
                0x08003c80                bshh_ble_show_command
 .text.bshh_ble_AT_Test
                0x08003cd8       0x88 ./Bspilot_Src/bshh_ble.o
                0x08003cd8                bshh_ble_AT_Test
 .text.bshh_ble_AT_Clear
                0x08003d60       0x88 ./Bspilot_Src/bshh_ble.o
                0x08003d60                bshh_ble_AT_Clear
 .text.bshh_led_toggle
                0x08003de8       0x20 ./Bspilot_Src/bshh_led.o
                0x08003de8                bshh_led_toggle
 .text.bshh_main_delay_ms
                0x08003e08       0x18 ./Bspilot_Src/bshh_main.o
                0x08003e08                bshh_main_delay_ms
 .text.bshh_main_loop
                0x08003e20      0x1cc ./Bspilot_Src/bshh_main.o
                0x08003e20                bshh_main_loop
 .text.BS_OLED_Delay_ms
                0x08003fec       0x18 ./Bspilot_Src/bshh_oled.o
                0x08003fec                BS_OLED_Delay_ms
 .text.BS_OLED_Write_Command
                0x08004004       0x90 ./Bspilot_Src/bshh_oled.o
                0x08004004                BS_OLED_Write_Command
 .text.BS_OLED_Write_Data
                0x08004094       0x90 ./Bspilot_Src/bshh_oled.o
                0x08004094                BS_OLED_Write_Data
 .text.BS_OLED_Set_Cursor
                0x08004124       0x44 ./Bspilot_Src/bshh_oled.o
                0x08004124                BS_OLED_Set_Cursor
 .text.BS_OLED_Clear_Screen
                0x08004168       0x54 ./Bspilot_Src/bshh_oled.o
                0x08004168                BS_OLED_Clear_Screen
 .text.BS_OLED_Show_Char
                0x080041bc       0x60 ./Bspilot_Src/bshh_oled.o
                0x080041bc                BS_OLED_Show_Char
 .text.BS_OLED_Show_Text
                0x0800421c       0x94 ./Bspilot_Src/bshh_oled.o
                0x0800421c                BS_OLED_Show_Text
 .text.BS_OLED_Show_Logo
                0x080042b0       0xa8 ./Bspilot_Src/bshh_oled.o
                0x080042b0                BS_OLED_Show_Logo
 .text.BS_OLED_Show_Unlock
                0x08004358       0x44 ./Bspilot_Src/bshh_oled.o
                0x08004358                BS_OLED_Show_Unlock
 .text.BS_OLED_Show_Cal
                0x0800439c       0x44 ./Bspilot_Src/bshh_oled.o
                0x0800439c                BS_OLED_Show_Cal
 .text.BS_OLED_Show_BLE_Clear
                0x080043e0       0x6c ./Bspilot_Src/bshh_oled.o
                0x080043e0                BS_OLED_Show_BLE_Clear
 .text.BS_OLED_Show_BLE_Test
                0x0800444c       0x6c ./Bspilot_Src/bshh_oled.o
                0x0800444c                BS_OLED_Show_BLE_Test
 .text.BS_OLED_Configuration
                0x080044b8       0xbc ./Bspilot_Src/bshh_oled.o
                0x080044b8                BS_OLED_Configuration
 .text.__libc_init_array
                0x08004574       0x50 c:/elipse_arm_ide/gcc-arm-none-eabi/bin/../lib/gcc/arm-none-eabi/5.4.1/../../../../arm-none-eabi/lib/armv7-m\libg.a(lib_a-init.o)
                0x08004574                __libc_init_array
 .text.startup.register_fini
                0x080045c4       0x14 c:/elipse_arm_ide/gcc-arm-none-eabi/bin/../lib/gcc/arm-none-eabi/5.4.1/../../../../arm-none-eabi/lib/armv7-m\libg.a(lib_a-__call_atexit.o)
 .text.atexit   0x080045d8        0xc c:/elipse_arm_ide/gcc-arm-none-eabi/bin/../lib/gcc/arm-none-eabi/5.4.1/../../../../arm-none-eabi/lib/armv7-m\libg.a(lib_a-atexit.o)
                0x080045d8                atexit
 .text.__libc_fini_array
                0x080045e4       0x28 c:/elipse_arm_ide/gcc-arm-none-eabi/bin/../lib/gcc/arm-none-eabi/5.4.1/../../../../arm-none-eabi/lib/armv7-m\libg.a(lib_a-fini.o)
                0x080045e4                __libc_fini_array
 .text.__register_exitproc
                0x0800460c       0xa4 c:/elipse_arm_ide/gcc-arm-none-eabi/bin/../lib/gcc/arm-none-eabi/5.4.1/../../../../arm-none-eabi/lib/armv7-m\libg.a(lib_a-__atexit.o)
                0x0800460c                __register_exitproc
 *(.glue_7)
 .glue_7        0x080046b0        0x0 linker stubs
 *(.glue_7t)
 .glue_7t       0x080046b0        0x0 linker stubs
 *(.eh_frame)
 .eh_frame      0x080046b0        0x0 c:/elipse_arm_ide/gcc-arm-none-eabi/bin/../lib/gcc/arm-none-eabi/5.4.1/armv7-m/crtbegin.o
 *(.init)
 .init          0x080046b0        0x4 c:/elipse_arm_ide/gcc-arm-none-eabi/bin/../lib/gcc/arm-none-eabi/5.4.1/armv7-m/crti.o
                0x080046b0                _init
 .init          0x080046b4        0x8 c:/elipse_arm_ide/gcc-arm-none-eabi/bin/../lib/gcc/arm-none-eabi/5.4.1/armv7-m/crtn.o
 *(.fini)
 .fini          0x080046bc        0x4 c:/elipse_arm_ide/gcc-arm-none-eabi/bin/../lib/gcc/arm-none-eabi/5.4.1/armv7-m/crti.o
                0x080046bc                _fini
 .fini          0x080046c0        0x8 c:/elipse_arm_ide/gcc-arm-none-eabi/bin/../lib/gcc/arm-none-eabi/5.4.1/armv7-m/crtn.o
                0x080046c8                . = ALIGN (0x4)
                0x080046c8                _etext = .

.vfp11_veneer   0x080046c8        0x0
 .vfp11_veneer  0x080046c8        0x0 linker stubs

.v4_bx          0x080046c8        0x0
 .v4_bx         0x080046c8        0x0 linker stubs

.iplt           0x080046c8        0x0
 .iplt          0x080046c8        0x0 c:/elipse_arm_ide/gcc-arm-none-eabi/bin/../lib/gcc/arm-none-eabi/5.4.1/armv7-m/crtbegin.o

.rodata         0x080046c8      0xbf4
                0x080046c8                . = ALIGN (0x4)
 *(.rodata)
 .rodata        0x080046c8       0x12 ./Drivers/STM32F1xx_HAL_Driver/Src/stm32f1xx_hal_rcc.o
 *(.rodata*)
 *fill*         0x080046da        0x2 
 .rodata.AHBPrescTable
                0x080046dc       0x10 ./Src/system_stm32f1xx.o
                0x080046dc                AHBPrescTable
 .rodata.APBPrescTable
                0x080046ec        0x8 ./Src/system_stm32f1xx.o
                0x080046ec                APBPrescTable
 .rodata.BS_OLED_Configuration_Table
                0x080046f4       0x1c ./Bspilot_Src/bshh_oled.o
                0x080046f4                BS_OLED_Configuration_Table
 .rodata.OLED_FONT_SIZE_6x8
                0x08004710      0x228 ./Bspilot_Src/bshh_oled.o
                0x08004710                OLED_FONT_SIZE_6x8
 .rodata.BS_OLED_DISPLAY_TEXT
                0x08004938      0x980 ./Bspilot_Src/bshh_oled.o
                0x08004938                BS_OLED_DISPLAY_TEXT
 .rodata._global_impure_ptr
                0x080052b8        0x4 c:/elipse_arm_ide/gcc-arm-none-eabi/bin/../lib/gcc/arm-none-eabi/5.4.1/../../../../arm-none-eabi/lib/armv7-m\libg.a(lib_a-impure.o)
                0x080052b8                _global_impure_ptr
                0x080052bc                . = ALIGN (0x4)

.rel.dyn        0x080052bc        0x0
 .rel.iplt      0x080052bc        0x0 c:/elipse_arm_ide/gcc-arm-none-eabi/bin/../lib/gcc/arm-none-eabi/5.4.1/armv7-m/crtbegin.o

.ARM.extab
 *(.ARM.extab* .gnu.linkonce.armextab.*)

.ARM            0x080052bc        0x0
                0x080052bc                __exidx_start = .
 *(.ARM.exidx*)
                0x080052bc                __exidx_end = .

.preinit_array  0x080052bc        0x0
                0x080052bc                PROVIDE (__preinit_array_start, .)
 *(.preinit_array*)
                0x080052bc                PROVIDE (__preinit_array_end, .)

.init_array     0x080052bc        0x8
                0x080052bc                PROVIDE (__init_array_start, .)
 *(SORT(.init_array.*))
 .init_array.00000
                0x080052bc        0x4 c:/elipse_arm_ide/gcc-arm-none-eabi/bin/../lib/gcc/arm-none-eabi/5.4.1/../../../../arm-none-eabi/lib/armv7-m\libg.a(lib_a-__call_atexit.o)
 *(.init_array*)
 .init_array    0x080052c0        0x4 c:/elipse_arm_ide/gcc-arm-none-eabi/bin/../lib/gcc/arm-none-eabi/5.4.1/armv7-m/crtbegin.o
                0x080052c4                PROVIDE (__init_array_end, .)

.fini_array     0x080052c4        0x4
                0x080052c4                PROVIDE (__fini_array_start, .)
 *(SORT(.fini_array.*))
 *(.fini_array*)
 .fini_array    0x080052c4        0x4 c:/elipse_arm_ide/gcc-arm-none-eabi/bin/../lib/gcc/arm-none-eabi/5.4.1/armv7-m/crtbegin.o
                0x080052c8                PROVIDE (__fini_array_end, .)
                0x080052c8                _sidata = LOADADDR (.data)

.data           0x20000000      0x430 load address 0x080052c8
                0x20000000                . = ALIGN (0x4)
                0x20000000                _sdata = .
 *(.data)
 *(.data*)
 .data.SystemCoreClock
                0x20000000        0x4 ./Src/system_stm32f1xx.o
                0x20000000                SystemCoreClock
 *fill*         0x20000004        0x4 
 .data.impure_data
                0x20000008      0x428 c:/elipse_arm_ide/gcc-arm-none-eabi/bin/../lib/gcc/arm-none-eabi/5.4.1/../../../../arm-none-eabi/lib/armv7-m\libg.a(lib_a-impure.o)
                0x20000430                . = ALIGN (0x4)
                0x20000430                _edata = .

.jcr            0x20000430        0x0 load address 0x080056f8
 .jcr           0x20000430        0x0 c:/elipse_arm_ide/gcc-arm-none-eabi/bin/../lib/gcc/arm-none-eabi/5.4.1/armv7-m/crtbegin.o

.igot.plt       0x20000430        0x0 load address 0x080056f8
 .igot.plt      0x20000430        0x0 c:/elipse_arm_ide/gcc-arm-none-eabi/bin/../lib/gcc/arm-none-eabi/5.4.1/armv7-m/crtbegin.o
                0x20000430                . = ALIGN (0x4)

.bss            0x20000430      0x588 load address 0x080056f8
                0x20000430                _sbss = .
                0x20000430                __bss_start__ = _sbss
 *(.bss)
 .bss           0x20000430       0x1c c:/elipse_arm_ide/gcc-arm-none-eabi/bin/../lib/gcc/arm-none-eabi/5.4.1/armv7-m/crtbegin.o
 *(.bss*)
 .bss.uwTick    0x2000044c        0x4 ./Drivers/STM32F1xx_HAL_Driver/Src/stm32f1xx_hal.o
 .bss.uCRCErrorWorkaroundCheck
                0x20000450        0x1 ./Drivers/STM32F1xx_HAL_Driver/Src/stm32f1xx_hal_spi_ex.o
                0x20000450                uCRCErrorWorkaroundCheck
 *fill*         0x20000451        0x1 
 .bss.ble_command_len
                0x20000452        0x2 ./Bspilot_Src/bshh_ble.o
                0x20000452                ble_command_len
 .bss.ble_status_len
                0x20000454        0x2 ./Bspilot_Src/bshh_ble.o
                0x20000454                ble_status_len
 *(COMMON)
 *fill*         0x20000456        0x2 
 COMMON         0x20000458      0x520 ./Src/main.o
                0x20000458                hspi2
                0x200004b0                huart3
                0x200004f0                hadc1
                0x20000520                hdma_adc1
                0x20000558                hpcd_USB_FS
 COMMON         0x20000978       0x40 ./Bspilot_Src/bshh_ble.o
                0x20000978                ble_command_table
                0x20000998                ble_status_buffer
                0x200009b8                . = ALIGN (0x4)
                0x200009b8                _ebss = .
                0x200009b8                __bss_end__ = _ebss

._user_heap_stack
                0x200009b8      0x600 load address 0x080056f8
                0x200009b8                . = ALIGN (0x8)
                [!provide]                PROVIDE (end, .)
                [!provide]                PROVIDE (_end, .)
                0x20000bb8                . = (. + _Min_Heap_Size)
 *fill*         0x200009b8      0x200 
                0x20000fb8                . = (. + _Min_Stack_Size)
 *fill*         0x20000bb8      0x400 
                0x20000fb8                . = ALIGN (0x8)

/DISCARD/
 libc.a(*)
 libm.a(*)
 libgcc.a(*)

.ARM.attributes
                0x00000000       0x29
 *(.ARM.attributes)
 .ARM.attributes
                0x00000000       0x1d c:/elipse_arm_ide/gcc-arm-none-eabi/bin/../lib/gcc/arm-none-eabi/5.4.1/armv7-m/crti.o
 .ARM.attributes
                0x0000001d       0x2d c:/elipse_arm_ide/gcc-arm-none-eabi/bin/../lib/gcc/arm-none-eabi/5.4.1/armv7-m/crtbegin.o
 .ARM.attributes
                0x0000004a       0x21 ./startup/startup_stm32f103xb.o
 .ARM.attributes
                0x0000006b       0x33 ./Src/main.o
 .ARM.attributes
                0x0000009e       0x33 ./Src/stm32f1xx_hal_msp.o
 .ARM.attributes
                0x000000d1       0x33 ./Src/stm32f1xx_it.o
 .ARM.attributes
                0x00000104       0x33 ./Src/system_stm32f1xx.o
 .ARM.attributes
                0x00000137       0x33 ./Drivers/STM32F1xx_HAL_Driver/Src/stm32f1xx_hal.o
 .ARM.attributes
                0x0000016a       0x33 ./Drivers/STM32F1xx_HAL_Driver/Src/stm32f1xx_hal_adc.o
 .ARM.attributes
                0x0000019d       0x33 ./Drivers/STM32F1xx_HAL_Driver/Src/stm32f1xx_hal_cortex.o
 .ARM.attributes
                0x000001d0       0x33 ./Drivers/STM32F1xx_HAL_Driver/Src/stm32f1xx_hal_dma.o
 .ARM.attributes
                0x00000203       0x33 ./Drivers/STM32F1xx_HAL_Driver/Src/stm32f1xx_hal_gpio.o
 .ARM.attributes
                0x00000236       0x33 ./Drivers/STM32F1xx_HAL_Driver/Src/stm32f1xx_hal_pcd.o
 .ARM.attributes
                0x00000269       0x33 ./Drivers/STM32F1xx_HAL_Driver/Src/stm32f1xx_hal_rcc.o
 .ARM.attributes
                0x0000029c       0x33 ./Drivers/STM32F1xx_HAL_Driver/Src/stm32f1xx_hal_rcc_ex.o
 .ARM.attributes
                0x000002cf       0x33 ./Drivers/STM32F1xx_HAL_Driver/Src/stm32f1xx_hal_spi_ex.o
 .ARM.attributes
                0x00000302       0x33 ./Drivers/STM32F1xx_HAL_Driver/Src/stm32f1xx_hal_uart.o
 .ARM.attributes
                0x00000335       0x33 ./Drivers/STM32F1xx_HAL_Driver/Src/stm32f1xx_ll_usb.o
 .ARM.attributes
                0x00000368       0x33 ./Bspilot_Src/bshh_beep.o
 .ARM.attributes
                0x0000039b       0x33 ./Bspilot_Src/bshh_ble.o
 .ARM.attributes
                0x000003ce       0x33 ./Bspilot_Src/bshh_led.o
 .ARM.attributes
                0x00000401       0x33 ./Bspilot_Src/bshh_main.o
 .ARM.attributes
                0x00000434       0x33 ./Bspilot_Src/bshh_oled.o
 .ARM.attributes
                0x00000467       0x2d c:/elipse_arm_ide/gcc-arm-none-eabi/bin/../lib/gcc/arm-none-eabi/5.4.1/../../../../arm-none-eabi/lib/armv7-m\libg.a(lib_a-impure.o)
 .ARM.attributes
                0x00000494       0x2d c:/elipse_arm_ide/gcc-arm-none-eabi/bin/../lib/gcc/arm-none-eabi/5.4.1/../../../../arm-none-eabi/lib/armv7-m\libg.a(lib_a-init.o)
 .ARM.attributes
                0x000004c1       0x2d c:/elipse_arm_ide/gcc-arm-none-eabi/bin/../lib/gcc/arm-none-eabi/5.4.1/../../../../arm-none-eabi/lib/armv7-m\libg.a(lib_a-__call_atexit.o)
 .ARM.attributes
                0x000004ee       0x2d c:/elipse_arm_ide/gcc-arm-none-eabi/bin/../lib/gcc/arm-none-eabi/5.4.1/../../../../arm-none-eabi/lib/armv7-m\libg.a(lib_a-atexit.o)
 .ARM.attributes
                0x0000051b       0x2d c:/elipse_arm_ide/gcc-arm-none-eabi/bin/../lib/gcc/arm-none-eabi/5.4.1/../../../../arm-none-eabi/lib/armv7-m\libg.a(lib_a-fini.o)
 .ARM.attributes
                0x00000548       0x2d c:/elipse_arm_ide/gcc-arm-none-eabi/bin/../lib/gcc/arm-none-eabi/5.4.1/../../../../arm-none-eabi/lib/armv7-m\libg.a(lib_a-__atexit.o)
 .ARM.attributes
                0x00000575       0x1d c:/elipse_arm_ide/gcc-arm-none-eabi/bin/../lib/gcc/arm-none-eabi/5.4.1/armv7-m/crtn.o
OUTPUT(Remoter_bs2017hh_release.elf elf32-littlearm)

.debug_line     0x00000000     0xc3bc
 .debug_line    0x00000000       0xb7 ./startup/startup_stm32f103xb.o
 .debug_line    0x000000b7      0x881 ./Src/main.o
 .debug_line    0x00000938      0x7fa ./Src/stm32f1xx_hal_msp.o
 .debug_line    0x00001132      0x7fb ./Src/stm32f1xx_it.o
 .debug_line    0x0000192d      0x76e ./Src/system_stm32f1xx.o
 .debug_line    0x0000209b      0x8b2 ./Drivers/STM32F1xx_HAL_Driver/Src/stm32f1xx_hal.o
 .debug_line    0x0000294d      0xd28 ./Drivers/STM32F1xx_HAL_Driver/Src/stm32f1xx_hal_adc.o
 .debug_line    0x00003675      0x9e7 ./Drivers/STM32F1xx_HAL_Driver/Src/stm32f1xx_hal_cortex.o
 .debug_line    0x0000405c      0xd0e ./Drivers/STM32F1xx_HAL_Driver/Src/stm32f1xx_hal_dma.o
 .debug_line    0x00004d6a      0x930 ./Drivers/STM32F1xx_HAL_Driver/Src/stm32f1xx_hal_gpio.o
 .debug_line    0x0000569a      0xc33 ./Drivers/STM32F1xx_HAL_Driver/Src/stm32f1xx_hal_pcd.o
 .debug_line    0x000062cd      0xff5 ./Drivers/STM32F1xx_HAL_Driver/Src/stm32f1xx_hal_rcc.o
 .debug_line    0x000072c2      0x890 ./Drivers/STM32F1xx_HAL_Driver/Src/stm32f1xx_hal_rcc_ex.o
 .debug_line    0x00007b52      0x778 ./Drivers/STM32F1xx_HAL_Driver/Src/stm32f1xx_hal_spi_ex.o
 .debug_line    0x000082ca      0xd9a ./Drivers/STM32F1xx_HAL_Driver/Src/stm32f1xx_hal_uart.o
 .debug_line    0x00009064      0xbab ./Drivers/STM32F1xx_HAL_Driver/Src/stm32f1xx_ll_usb.o
 .debug_line    0x00009c0f      0x784 ./Bspilot_Src/bshh_beep.o
 .debug_line    0x0000a393      0x7c6 ./Bspilot_Src/bshh_ble.o
 .debug_line    0x0000ab59      0x75f ./Bspilot_Src/bshh_led.o
 .debug_line    0x0000b2b8      0x7e2 ./Bspilot_Src/bshh_main.o
 .debug_line    0x0000ba9a      0x922 ./Bspilot_Src/bshh_oled.o

.debug_info     0x00000000     0xaec4
 .debug_info    0x00000000       0xc2 ./startup/startup_stm32f103xb.o
 .debug_info    0x000000c2     0x12ab ./Src/main.o
 .debug_info    0x0000136d     0x1115 ./Src/stm32f1xx_hal_msp.o
 .debug_info    0x00002482      0x55f ./Src/stm32f1xx_it.o
 .debug_info    0x000029e1      0x3e8 ./Src/system_stm32f1xx.o
 .debug_info    0x00002dc9      0x5e7 ./Drivers/STM32F1xx_HAL_Driver/Src/stm32f1xx_hal.o
 .debug_info    0x000033b0      0xe14 ./Drivers/STM32F1xx_HAL_Driver/Src/stm32f1xx_hal_adc.o
 .debug_info    0x000041c4      0xac3 ./Drivers/STM32F1xx_HAL_Driver/Src/stm32f1xx_hal_cortex.o
 .debug_info    0x00004c87      0x58c ./Drivers/STM32F1xx_HAL_Driver/Src/stm32f1xx_hal_dma.o
 .debug_info    0x00005213      0x5f9 ./Drivers/STM32F1xx_HAL_Driver/Src/stm32f1xx_hal_gpio.o
 .debug_info    0x0000580c      0xcba ./Drivers/STM32F1xx_HAL_Driver/Src/stm32f1xx_hal_pcd.o
 .debug_info    0x000064c6     0x13fd ./Drivers/STM32F1xx_HAL_Driver/Src/stm32f1xx_hal_rcc.o
 .debug_info    0x000078c3      0x545 ./Drivers/STM32F1xx_HAL_Driver/Src/stm32f1xx_hal_rcc_ex.o
 .debug_info    0x00007e08      0x58f ./Drivers/STM32F1xx_HAL_Driver/Src/stm32f1xx_hal_spi_ex.o
 .debug_info    0x00008397      0xdf4 ./Drivers/STM32F1xx_HAL_Driver/Src/stm32f1xx_hal_uart.o
 .debug_info    0x0000918b      0xe68 ./Drivers/STM32F1xx_HAL_Driver/Src/stm32f1xx_ll_usb.o
 .debug_info    0x00009ff3      0x1be ./Bspilot_Src/bshh_beep.o
 .debug_info    0x0000a1b1      0x58d ./Bspilot_Src/bshh_ble.o
 .debug_info    0x0000a73e      0x183 ./Bspilot_Src/bshh_led.o
 .debug_info    0x0000a8c1      0x19c ./Bspilot_Src/bshh_main.o
 .debug_info    0x0000aa5d      0x467 ./Bspilot_Src/bshh_oled.o

.debug_abbrev   0x00000000     0x20fe
 .debug_abbrev  0x00000000       0x12 ./startup/startup_stm32f103xb.o
 .debug_abbrev  0x00000012      0x208 ./Src/main.o
 .debug_abbrev  0x0000021a      0x1d7 ./Src/stm32f1xx_hal_msp.o
 .debug_abbrev  0x000003f1      0x12e ./Src/stm32f1xx_it.o
 .debug_abbrev  0x0000051f      0x125 ./Src/system_stm32f1xx.o
 .debug_abbrev  0x00000644      0x1fb ./Drivers/STM32F1xx_HAL_Driver/Src/stm32f1xx_hal.o
 .debug_abbrev  0x0000083f      0x208 ./Drivers/STM32F1xx_HAL_Driver/Src/stm32f1xx_hal_adc.o
 .debug_abbrev  0x00000a47      0x273 ./Drivers/STM32F1xx_HAL_Driver/Src/stm32f1xx_hal_cortex.o
 .debug_abbrev  0x00000cba      0x1b8 ./Drivers/STM32F1xx_HAL_Driver/Src/stm32f1xx_hal_dma.o
 .debug_abbrev  0x00000e72      0x1af ./Drivers/STM32F1xx_HAL_Driver/Src/stm32f1xx_hal_gpio.o
 .debug_abbrev  0x00001021      0x235 ./Drivers/STM32F1xx_HAL_Driver/Src/stm32f1xx_hal_pcd.o
 .debug_abbrev  0x00001256      0x279 ./Drivers/STM32F1xx_HAL_Driver/Src/stm32f1xx_hal_rcc.o
 .debug_abbrev  0x000014cf      0x1ee ./Drivers/STM32F1xx_HAL_Driver/Src/stm32f1xx_hal_rcc_ex.o
 .debug_abbrev  0x000016bd      0x154 ./Drivers/STM32F1xx_HAL_Driver/Src/stm32f1xx_hal_spi_ex.o
 .debug_abbrev  0x00001811      0x21a ./Drivers/STM32F1xx_HAL_Driver/Src/stm32f1xx_hal_uart.o
 .debug_abbrev  0x00001a2b      0x191 ./Drivers/STM32F1xx_HAL_Driver/Src/stm32f1xx_ll_usb.o
 .debug_abbrev  0x00001bbc       0xe3 ./Bspilot_Src/bshh_beep.o
 .debug_abbrev  0x00001c9f      0x18f ./Bspilot_Src/bshh_ble.o
 .debug_abbrev  0x00001e2e       0xcb ./Bspilot_Src/bshh_led.o
 .debug_abbrev  0x00001ef9       0xe3 ./Bspilot_Src/bshh_main.o
 .debug_abbrev  0x00001fdc      0x122 ./Bspilot_Src/bshh_oled.o

.debug_aranges  0x00000000      0xa70
 .debug_aranges
                0x00000000       0x28 ./startup/startup_stm32f103xb.o
 .debug_aranges
                0x00000028       0x60 ./Src/main.o
 .debug_aranges
                0x00000088       0x60 ./Src/stm32f1xx_hal_msp.o
 .debug_aranges
                0x000000e8       0x70 ./Src/stm32f1xx_it.o
 .debug_aranges
                0x00000158       0x28 ./Src/system_stm32f1xx.o
 .debug_aranges
                0x00000180       0xb0 ./Drivers/STM32F1xx_HAL_Driver/Src/stm32f1xx_hal.o
 .debug_aranges
                0x00000230       0xf0 ./Drivers/STM32F1xx_HAL_Driver/Src/stm32f1xx_hal_adc.o
 .debug_aranges
                0x00000320      0x100 ./Drivers/STM32F1xx_HAL_Driver/Src/stm32f1xx_hal_cortex.o
 .debug_aranges
                0x00000420       0x68 ./Drivers/STM32F1xx_HAL_Driver/Src/stm32f1xx_hal_dma.o
 .debug_aranges
                0x00000488       0x58 ./Drivers/STM32F1xx_HAL_Driver/Src/stm32f1xx_hal_gpio.o
 .debug_aranges
                0x000004e0      0x120 ./Drivers/STM32F1xx_HAL_Driver/Src/stm32f1xx_hal_pcd.o
 .debug_aranges
                0x00000600       0x88 ./Drivers/STM32F1xx_HAL_Driver/Src/stm32f1xx_hal_rcc.o
 .debug_aranges
                0x00000688       0x30 ./Drivers/STM32F1xx_HAL_Driver/Src/stm32f1xx_hal_rcc_ex.o
 .debug_aranges
                0x000006b8       0x28 ./Drivers/STM32F1xx_HAL_Driver/Src/stm32f1xx_hal_spi_ex.o
 .debug_aranges
                0x000006e0      0x150 ./Drivers/STM32F1xx_HAL_Driver/Src/stm32f1xx_hal_uart.o
 .debug_aranges
                0x00000830      0x100 ./Drivers/STM32F1xx_HAL_Driver/Src/stm32f1xx_ll_usb.o
 .debug_aranges
                0x00000930       0x38 ./Bspilot_Src/bshh_beep.o
 .debug_aranges
                0x00000968       0x38 ./Bspilot_Src/bshh_ble.o
 .debug_aranges
                0x000009a0       0x28 ./Bspilot_Src/bshh_led.o
 .debug_aranges
                0x000009c8       0x28 ./Bspilot_Src/bshh_main.o
 .debug_aranges
                0x000009f0       0x80 ./Bspilot_Src/bshh_oled.o

.debug_ranges   0x00000000      0x928
 .debug_ranges  0x00000000       0x20 ./startup/startup_stm32f103xb.o
 .debug_ranges  0x00000020       0x50 ./Src/main.o
 .debug_ranges  0x00000070       0x50 ./Src/stm32f1xx_hal_msp.o
 .debug_ranges  0x000000c0       0x60 ./Src/stm32f1xx_it.o
 .debug_ranges  0x00000120       0x18 ./Src/system_stm32f1xx.o
 .debug_ranges  0x00000138       0xa0 ./Drivers/STM32F1xx_HAL_Driver/Src/stm32f1xx_hal.o
 .debug_ranges  0x000001d8       0xe0 ./Drivers/STM32F1xx_HAL_Driver/Src/stm32f1xx_hal_adc.o
 .debug_ranges  0x000002b8       0xf0 ./Drivers/STM32F1xx_HAL_Driver/Src/stm32f1xx_hal_cortex.o
 .debug_ranges  0x000003a8       0x58 ./Drivers/STM32F1xx_HAL_Driver/Src/stm32f1xx_hal_dma.o
 .debug_ranges  0x00000400       0x48 ./Drivers/STM32F1xx_HAL_Driver/Src/stm32f1xx_hal_gpio.o
 .debug_ranges  0x00000448      0x110 ./Drivers/STM32F1xx_HAL_Driver/Src/stm32f1xx_hal_pcd.o
 .debug_ranges  0x00000558       0x78 ./Drivers/STM32F1xx_HAL_Driver/Src/stm32f1xx_hal_rcc.o
 .debug_ranges  0x000005d0       0x20 ./Drivers/STM32F1xx_HAL_Driver/Src/stm32f1xx_hal_rcc_ex.o
 .debug_ranges  0x000005f0       0x18 ./Drivers/STM32F1xx_HAL_Driver/Src/stm32f1xx_hal_spi_ex.o
 .debug_ranges  0x00000608      0x140 ./Drivers/STM32F1xx_HAL_Driver/Src/stm32f1xx_hal_uart.o
 .debug_ranges  0x00000748       0xf0 ./Drivers/STM32F1xx_HAL_Driver/Src/stm32f1xx_ll_usb.o
 .debug_ranges  0x00000838       0x28 ./Bspilot_Src/bshh_beep.o
 .debug_ranges  0x00000860       0x28 ./Bspilot_Src/bshh_ble.o
 .debug_ranges  0x00000888       0x18 ./Bspilot_Src/bshh_led.o
 .debug_ranges  0x000008a0       0x18 ./Bspilot_Src/bshh_main.o
 .debug_ranges  0x000008b8       0x70 ./Bspilot_Src/bshh_oled.o

.debug_macro    0x00000000    0x1acd9
 .debug_macro   0x00000000      0x317 ./Src/main.o
 .debug_macro   0x00000317      0x86e ./Src/main.o
 .debug_macro   0x00000b85      0x173 ./Src/main.o
 .debug_macro   0x00000cf8       0x2e ./Src/main.o
 .debug_macro   0x00000d26       0x22 ./Src/main.o
 .debug_macro   0x00000d48       0x22 ./Src/main.o
 .debug_macro   0x00000d6a       0x87 ./Src/main.o
 .debug_macro   0x00000df1       0x44 ./Src/main.o
 .debug_macro   0x00000e35       0xfd ./Src/main.o
 .debug_macro   0x00000f32       0x5e ./Src/main.o
 .debug_macro   0x00000f90      0x1df ./Src/main.o
 .debug_macro   0x0000116f       0x34 ./Src/main.o
 .debug_macro   0x000011a3       0x34 ./Src/main.o
 .debug_macro   0x000011d7      0xb8e ./Src/main.o
 .debug_macro   0x00001d65     0xf2f7 ./Src/main.o
 .debug_macro   0x0001105c       0x43 ./Src/main.o
 .debug_macro   0x0001109f     0x3383 ./Src/main.o
 .debug_macro   0x00014422       0x52 ./Src/main.o
 .debug_macro   0x00014474       0x35 ./Src/main.o
 .debug_macro   0x000144a9       0x9c ./Src/main.o
 .debug_macro   0x00014545       0x16 ./Src/main.o
 .debug_macro   0x0001455b       0x97 ./Src/main.o
 .debug_macro   0x000145f2      0x30d ./Src/main.o
 .debug_macro   0x000148ff       0xfd ./Src/main.o
 .debug_macro   0x000149fc       0x10 ./Src/main.o
 .debug_macro   0x00014a0c       0x52 ./Src/main.o
 .debug_macro   0x00014a5e       0x1f ./Src/main.o
 .debug_macro   0x00014a7d       0x43 ./Src/main.o
 .debug_macro   0x00014ac0       0x20 ./Src/main.o
 .debug_macro   0x00014ae0      0x187 ./Src/main.o
 .debug_macro   0x00014c67       0x10 ./Src/main.o
 .debug_macro   0x00014c77       0x1c ./Src/main.o
 .debug_macro   0x00014c93       0x52 ./Src/main.o
 .debug_macro   0x00014ce5       0x40 ./Src/main.o
 .debug_macro   0x00014d25       0x10 ./Src/main.o
 .debug_macro   0x00014d35       0x40 ./Src/main.o
 .debug_macro   0x00014d75       0xd7 ./Src/main.o
 .debug_macro   0x00014e4c       0x16 ./Src/main.o
 .debug_macro   0x00014e62      0x18b ./Src/main.o
 .debug_macro   0x00014fed       0x57 ./Src/main.o
 .debug_macro   0x00015044      0x778 ./Src/main.o
 .debug_macro   0x000157bc      0x28b ./Src/main.o
 .debug_macro   0x00015a47      0x141 ./Src/main.o
 .debug_macro   0x00015b88      0x197 ./Src/main.o
 .debug_macro   0x00015d1f      0x1ae ./Src/main.o
 .debug_macro   0x00015ecd       0x2d ./Src/main.o
 .debug_macro   0x00015efa       0x3c ./Src/main.o
 .debug_macro   0x00015f36       0x57 ./Src/main.o
 .debug_macro   0x00015f8d      0x46a ./Src/main.o
 .debug_macro   0x000163f7      0x1b5 ./Src/main.o
 .debug_macro   0x000165ac       0x8c ./Src/main.o
 .debug_macro   0x00016638      0x242 ./Src/main.o
 .debug_macro   0x0001687a      0x143 ./Src/main.o
 .debug_macro   0x000169bd      0x1f4 ./Src/main.o
 .debug_macro   0x00016bb1      0x256 ./Src/main.o
 .debug_macro   0x00016e07       0x50 ./Src/main.o
 .debug_macro   0x00016e57      0x26c ./Src/main.o
 .debug_macro   0x000170c3       0x7c ./Src/main.o
 .debug_macro   0x0001713f      0x309 ./Src/stm32f1xx_hal_msp.o
 .debug_macro   0x00017448      0x313 ./Src/stm32f1xx_it.o
 .debug_macro   0x0001775b      0x30f ./Src/system_stm32f1xx.o
 .debug_macro   0x00017a6a      0x32d ./Drivers/STM32F1xx_HAL_Driver/Src/stm32f1xx_hal.o
 .debug_macro   0x00017d97      0x326 ./Drivers/STM32F1xx_HAL_Driver/Src/stm32f1xx_hal_adc.o
 .debug_macro   0x000180bd      0x309 ./Drivers/STM32F1xx_HAL_Driver/Src/stm32f1xx_hal_cortex.o
 .debug_macro   0x000183c6      0x30f ./Drivers/STM32F1xx_HAL_Driver/Src/stm32f1xx_hal_dma.o
 .debug_macro   0x000186d5      0x379 ./Drivers/STM32F1xx_HAL_Driver/Src/stm32f1xx_hal_gpio.o
 .debug_macro   0x00018a4e      0x315 ./Drivers/STM32F1xx_HAL_Driver/Src/stm32f1xx_hal_pcd.o
 .debug_macro   0x00018d63      0x32d ./Drivers/STM32F1xx_HAL_Driver/Src/stm32f1xx_hal_rcc.o
 .debug_macro   0x00019090      0x309 ./Drivers/STM32F1xx_HAL_Driver/Src/stm32f1xx_hal_rcc_ex.o
 .debug_macro   0x00019399      0x309 ./Drivers/STM32F1xx_HAL_Driver/Src/stm32f1xx_hal_spi_ex.o
 .debug_macro   0x000196a2      0x30a ./Drivers/STM32F1xx_HAL_Driver/Src/stm32f1xx_hal_uart.o
 .debug_macro   0x000199ac      0x309 ./Drivers/STM32F1xx_HAL_Driver/Src/stm32f1xx_ll_usb.o
 .debug_macro   0x00019cb5      0x321 ./Bspilot_Src/bshh_beep.o
 .debug_macro   0x00019fd6      0x334 ./Bspilot_Src/bshh_ble.o
 .debug_macro   0x0001a30a       0x46 ./Bspilot_Src/bshh_ble.o
 .debug_macro   0x0001a350      0x321 ./Bspilot_Src/bshh_led.o
 .debug_macro   0x0001a671      0x33e ./Bspilot_Src/bshh_main.o
 .debug_macro   0x0001a9af      0x32a ./Bspilot_Src/bshh_oled.o

.debug_str      0x00000000    0x8ff4d
 .debug_str     0x00000000    0x8d65d ./Src/main.o
                              0x8da9b (size before relaxing)
 .debug_str     0x0008d65d      0x100 ./Src/stm32f1xx_hal_msp.o
                              0x8d8c2 (size before relaxing)
 .debug_str     0x0008d75d      0x11d ./Src/stm32f1xx_it.o
                              0x8d060 (size before relaxing)
 .debug_str     0x0008d87a      0x11b ./Src/system_stm32f1xx.o
                              0x8cd37 (size before relaxing)
 .debug_str     0x0008d995      0x2f1 ./Drivers/STM32F1xx_HAL_Driver/Src/stm32f1xx_hal.o
                              0x8d2ca (size before relaxing)
 .debug_str     0x0008dc86      0x3c0 ./Drivers/STM32F1xx_HAL_Driver/Src/stm32f1xx_hal_adc.o
                              0x8d34c (size before relaxing)
 .debug_str     0x0008e046      0x2be ./Drivers/STM32F1xx_HAL_Driver/Src/stm32f1xx_hal_cortex.o
                              0x8d321 (size before relaxing)
 .debug_str     0x0008e304      0x1ae ./Drivers/STM32F1xx_HAL_Driver/Src/stm32f1xx_hal_dma.o
                              0x8cf83 (size before relaxing)
 .debug_str     0x0008e4b2      0x434 ./Drivers/STM32F1xx_HAL_Driver/Src/stm32f1xx_hal_gpio.o
                              0x8d106 (size before relaxing)
 .debug_str     0x0008e8e6      0x3e4 ./Drivers/STM32F1xx_HAL_Driver/Src/stm32f1xx_hal_pcd.o
                              0x8d345 (size before relaxing)
 .debug_str     0x0008ecca      0x2f4 ./Drivers/STM32F1xx_HAL_Driver/Src/stm32f1xx_hal_rcc.o
                              0x8d140 (size before relaxing)
 .debug_str     0x0008efbe       0xf3 ./Drivers/STM32F1xx_HAL_Driver/Src/stm32f1xx_hal_rcc_ex.o
                              0x8ce23 (size before relaxing)
 .debug_str     0x0008f0b1       0xaf ./Drivers/STM32F1xx_HAL_Driver/Src/stm32f1xx_hal_spi_ex.o
                              0x8d054 (size before relaxing)
 .debug_str     0x0008f160      0x3ac ./Drivers/STM32F1xx_HAL_Driver/Src/stm32f1xx_hal_uart.o
                              0x8d39f (size before relaxing)
 .debug_str     0x0008f50c      0x30e ./Drivers/STM32F1xx_HAL_Driver/Src/stm32f1xx_ll_usb.o
                              0x8d186 (size before relaxing)
 .debug_str     0x0008f81a       0xa1 ./Bspilot_Src/bshh_beep.o
                              0x8ccb2 (size before relaxing)
 .debug_str     0x0008f8bb      0x3c5 ./Bspilot_Src/bshh_ble.o
                              0x8d31e (size before relaxing)
 .debug_str     0x0008fc80       0x76 ./Bspilot_Src/bshh_led.o
                              0x8cc79 (size before relaxing)
 .debug_str     0x0008fcf6       0x77 ./Bspilot_Src/bshh_main.o
                              0x8cf6f (size before relaxing)
 .debug_str     0x0008fd6d      0x1e0 ./Bspilot_Src/bshh_oled.o
                              0x8d0c6 (size before relaxing)

.comment        0x00000000       0x6e
 .comment       0x00000000       0x6e ./Src/main.o
                                 0x6f (size before relaxing)
 .comment       0x0000006e       0x6f ./Src/stm32f1xx_hal_msp.o
 .comment       0x0000006e       0x6f ./Src/stm32f1xx_it.o
 .comment       0x0000006e       0x6f ./Src/system_stm32f1xx.o
 .comment       0x0000006e       0x6f ./Drivers/STM32F1xx_HAL_Driver/Src/stm32f1xx_hal.o
 .comment       0x0000006e       0x6f ./Drivers/STM32F1xx_HAL_Driver/Src/stm32f1xx_hal_adc.o
 .comment       0x0000006e       0x6f ./Drivers/STM32F1xx_HAL_Driver/Src/stm32f1xx_hal_cortex.o
 .comment       0x0000006e       0x6f ./Drivers/STM32F1xx_HAL_Driver/Src/stm32f1xx_hal_dma.o
 .comment       0x0000006e       0x6f ./Drivers/STM32F1xx_HAL_Driver/Src/stm32f1xx_hal_gpio.o
 .comment       0x0000006e       0x6f ./Drivers/STM32F1xx_HAL_Driver/Src/stm32f1xx_hal_pcd.o
 .comment       0x0000006e       0x6f ./Drivers/STM32F1xx_HAL_Driver/Src/stm32f1xx_hal_rcc.o
 .comment       0x0000006e       0x6f ./Drivers/STM32F1xx_HAL_Driver/Src/stm32f1xx_hal_rcc_ex.o
 .comment       0x0000006e       0x6f ./Drivers/STM32F1xx_HAL_Driver/Src/stm32f1xx_hal_spi_ex.o
 .comment       0x0000006e       0x6f ./Drivers/STM32F1xx_HAL_Driver/Src/stm32f1xx_hal_uart.o
 .comment       0x0000006e       0x6f ./Drivers/STM32F1xx_HAL_Driver/Src/stm32f1xx_ll_usb.o
 .comment       0x0000006e       0x6f ./Bspilot_Src/bshh_beep.o
 .comment       0x0000006e       0x6f ./Bspilot_Src/bshh_ble.o
 .comment       0x0000006e       0x6f ./Bspilot_Src/bshh_led.o
 .comment       0x0000006e       0x6f ./Bspilot_Src/bshh_main.o
 .comment       0x0000006e       0x6f ./Bspilot_Src/bshh_oled.o

.debug_frame    0x00000000     0x28d8
 .debug_frame   0x00000000      0x128 ./Src/main.o
 .debug_frame   0x00000128      0x15c ./Src/stm32f1xx_hal_msp.o
 .debug_frame   0x00000284      0x144 ./Src/stm32f1xx_it.o
 .debug_frame   0x000003c8       0x58 ./Src/system_stm32f1xx.o
 .debug_frame   0x00000420      0x278 ./Drivers/STM32F1xx_HAL_Driver/Src/stm32f1xx_hal.o
 .debug_frame   0x00000698      0x410 ./Drivers/STM32F1xx_HAL_Driver/Src/stm32f1xx_hal_adc.o
 .debug_frame   0x00000aa8      0x428 ./Drivers/STM32F1xx_HAL_Driver/Src/stm32f1xx_hal_cortex.o
 .debug_frame   0x00000ed0      0x194 ./Drivers/STM32F1xx_HAL_Driver/Src/stm32f1xx_hal_dma.o
 .debug_frame   0x00001064      0x14c ./Drivers/STM32F1xx_HAL_Driver/Src/stm32f1xx_hal_gpio.o
 .debug_frame   0x000011b0      0x4fc ./Drivers/STM32F1xx_HAL_Driver/Src/stm32f1xx_hal_pcd.o
 .debug_frame   0x000016ac      0x21c ./Drivers/STM32F1xx_HAL_Driver/Src/stm32f1xx_hal_rcc.o
 .debug_frame   0x000018c8       0x84 ./Drivers/STM32F1xx_HAL_Driver/Src/stm32f1xx_hal_rcc_ex.o
 .debug_frame   0x0000194c       0x5c ./Drivers/STM32F1xx_HAL_Driver/Src/stm32f1xx_hal_spi_ex.o
 .debug_frame   0x000019a8      0x5e0 ./Drivers/STM32F1xx_HAL_Driver/Src/stm32f1xx_hal_uart.o
 .debug_frame   0x00001f88      0x4b0 ./Drivers/STM32F1xx_HAL_Driver/Src/stm32f1xx_ll_usb.o
 .debug_frame   0x00002438       0x88 ./Bspilot_Src/bshh_beep.o
 .debug_frame   0x000024c0       0x90 ./Bspilot_Src/bshh_ble.o
 .debug_frame   0x00002550       0x50 ./Bspilot_Src/bshh_led.o
 .debug_frame   0x000025a0       0x50 ./Bspilot_Src/bshh_main.o
 .debug_frame   0x000025f0      0x1e4 ./Bspilot_Src/bshh_oled.o
 .debug_frame   0x000027d4       0x2c c:/elipse_arm_ide/gcc-arm-none-eabi/bin/../lib/gcc/arm-none-eabi/5.4.1/../../../../arm-none-eabi/lib/armv7-m\libg.a(lib_a-init.o)
 .debug_frame   0x00002800       0x50 c:/elipse_arm_ide/gcc-arm-none-eabi/bin/../lib/gcc/arm-none-eabi/5.4.1/../../../../arm-none-eabi/lib/armv7-m\libg.a(lib_a-__call_atexit.o)
 .debug_frame   0x00002850       0x20 c:/elipse_arm_ide/gcc-arm-none-eabi/bin/../lib/gcc/arm-none-eabi/5.4.1/../../../../arm-none-eabi/lib/armv7-m\libg.a(lib_a-atexit.o)
 .debug_frame   0x00002870       0x34 c:/elipse_arm_ide/gcc-arm-none-eabi/bin/../lib/gcc/arm-none-eabi/5.4.1/../../../../arm-none-eabi/lib/armv7-m\libg.a(lib_a-fini.o)
 .debug_frame   0x000028a4       0x34 c:/elipse_arm_ide/gcc-arm-none-eabi/bin/../lib/gcc/arm-none-eabi/5.4.1/../../../../arm-none-eabi/lib/armv7-m\libg.a(lib_a-__atexit.o)
