Archive member included to satisfy reference by file (symbol)

c:/elipse_arm_ide/gcc-arm-none-eabi/bin/../lib/gcc/arm-none-eabi/5.4.1/../../../../arm-none-eabi/lib/armv7-m\libg.a(lib_a-exit.o)
                              c:/elipse_arm_ide/gcc-arm-none-eabi/bin/../lib/gcc/arm-none-eabi/5.4.1/../../../../arm-none-eabi/lib/armv7-m/crt0.o (exit)
c:/elipse_arm_ide/gcc-arm-none-eabi/bin/../lib/gcc/arm-none-eabi/5.4.1/../../../../arm-none-eabi/lib/armv7-m\libg.a(lib_a-impure.o)
                              c:/elipse_arm_ide/gcc-arm-none-eabi/bin/../lib/gcc/arm-none-eabi/5.4.1/../../../../arm-none-eabi/lib/armv7-m\libg.a(lib_a-exit.o) (_global_impure_ptr)
c:/elipse_arm_ide/gcc-arm-none-eabi/bin/../lib/gcc/arm-none-eabi/5.4.1/../../../../arm-none-eabi/lib/armv7-m\libg.a(lib_a-init.o)
                              c:/elipse_arm_ide/gcc-arm-none-eabi/bin/../lib/gcc/arm-none-eabi/5.4.1/../../../../arm-none-eabi/lib/armv7-m/crt0.o (__libc_init_array)
c:/elipse_arm_ide/gcc-arm-none-eabi/bin/../lib/gcc/arm-none-eabi/5.4.1/../../../../arm-none-eabi/lib/armv7-m\libg.a(lib_a-memset.o)
                              c:/elipse_arm_ide/gcc-arm-none-eabi/bin/../lib/gcc/arm-none-eabi/5.4.1/../../../../arm-none-eabi/lib/armv7-m/crt0.o (memset)
c:/elipse_arm_ide/gcc-arm-none-eabi/bin/../lib/gcc/arm-none-eabi/5.4.1/../../../../arm-none-eabi/lib/armv7-m\libg.a(lib_a-__call_atexit.o)
                              c:/elipse_arm_ide/gcc-arm-none-eabi/bin/../lib/gcc/arm-none-eabi/5.4.1/../../../../arm-none-eabi/lib/armv7-m\libg.a(lib_a-exit.o) (__call_exitprocs)
c:/elipse_arm_ide/gcc-arm-none-eabi/bin/../lib/gcc/arm-none-eabi/5.4.1/../../../../arm-none-eabi/lib/armv7-m\libg.a(lib_a-atexit.o)
                              c:/elipse_arm_ide/gcc-arm-none-eabi/bin/../lib/gcc/arm-none-eabi/5.4.1/../../../../arm-none-eabi/lib/armv7-m\libg.a(lib_a-__call_atexit.o) (atexit)
c:/elipse_arm_ide/gcc-arm-none-eabi/bin/../lib/gcc/arm-none-eabi/5.4.1/../../../../arm-none-eabi/lib/armv7-m\libg.a(lib_a-fini.o)
                              c:/elipse_arm_ide/gcc-arm-none-eabi/bin/../lib/gcc/arm-none-eabi/5.4.1/../../../../arm-none-eabi/lib/armv7-m\libg.a(lib_a-__call_atexit.o) (__libc_fini_array)
c:/elipse_arm_ide/gcc-arm-none-eabi/bin/../lib/gcc/arm-none-eabi/5.4.1/../../../../arm-none-eabi/lib/armv7-m\libg.a(lib_a-__atexit.o)
                              c:/elipse_arm_ide/gcc-arm-none-eabi/bin/../lib/gcc/arm-none-eabi/5.4.1/../../../../arm-none-eabi/lib/armv7-m\libg.a(lib_a-atexit.o) (__register_exitproc)

Allocating common symbols
Common symbol       size              file

hspi2               0x58              ./Src/main.o
bshh_adc_buffer     0xe               ./Bspilot_Src/bshh_adc.o
huart3              0x40              ./Src/main.o
pFlash              0x20              ./Drivers/STM32F1xx_HAL_Driver/Src/stm32f1xx_hal_flash.o
ble_command_table   0x20              ./Bspilot_Src/bshh_ble.o
bshh_ctrl_pitch     0x1               ./Bspilot_Src/bshh_ctrl.o
hadc1               0x30              ./Src/main.o
bshh_ctrl_roll      0x1               ./Bspilot_Src/bshh_ctrl.o
bshh_nrf_ble_mode   0x1               ./Bspilot_Src/bshh_button.o
bshh_ctrl_command_table
                    0x20              ./Bspilot_Src/bshh_ctrl.o
bshh_ctrl_yaw       0x1               ./Bspilot_Src/bshh_ctrl.o
ble_status_buffer   0x20              ./Bspilot_Src/bshh_ble.o
bshh_ctrl_throttle  0x1               ./Bspilot_Src/bshh_ctrl.o
hdma_adc1           0x38              ./Src/main.o
hpcd_USB_FS         0x420             ./Src/main.o
nrf_send_addr       0x5               ./Bspilot_Src/bshh_nrf.o

Discarded input sections

 .text          0x00000000        0x0 c:/elipse_arm_ide/gcc-arm-none-eabi/bin/../lib/gcc/arm-none-eabi/5.4.1/armv7-m/crti.o
 .data          0x00000000        0x0 c:/elipse_arm_ide/gcc-arm-none-eabi/bin/../lib/gcc/arm-none-eabi/5.4.1/armv7-m/crti.o
 .bss           0x00000000        0x0 c:/elipse_arm_ide/gcc-arm-none-eabi/bin/../lib/gcc/arm-none-eabi/5.4.1/armv7-m/crti.o
 .data          0x00000000        0x4 c:/elipse_arm_ide/gcc-arm-none-eabi/bin/../lib/gcc/arm-none-eabi/5.4.1/armv7-m/crtbegin.o
 .text          0x00000000       0x74 c:/elipse_arm_ide/gcc-arm-none-eabi/bin/../lib/gcc/arm-none-eabi/5.4.1/../../../../arm-none-eabi/lib/armv7-m/crt0.o
 .data          0x00000000        0x0 c:/elipse_arm_ide/gcc-arm-none-eabi/bin/../lib/gcc/arm-none-eabi/5.4.1/../../../../arm-none-eabi/lib/armv7-m/crt0.o
 .bss           0x00000000        0x0 c:/elipse_arm_ide/gcc-arm-none-eabi/bin/../lib/gcc/arm-none-eabi/5.4.1/../../../../arm-none-eabi/lib/armv7-m/crt0.o
 .ARM.extab     0x00000000        0x0 c:/elipse_arm_ide/gcc-arm-none-eabi/bin/../lib/gcc/arm-none-eabi/5.4.1/../../../../arm-none-eabi/lib/armv7-m/crt0.o
 .ARM.exidx     0x00000000        0x8 c:/elipse_arm_ide/gcc-arm-none-eabi/bin/../lib/gcc/arm-none-eabi/5.4.1/../../../../arm-none-eabi/lib/armv7-m/crt0.o
 .ARM.attributes
[...]
Memory Configuration

Name             Origin             Length             Attributes
RAM              0x20000000         0x00005000         xrw
FLASH            0x08000000         0x00010000         xr
*default*        0x00000000         0xffffffff

Linker script and memory map

LOAD c:/elipse_arm_ide/gcc-arm-none-eabi/bin/../lib/gcc/arm-none-eabi/5.4.1/armv7-m/crti.o
LOAD c:/elipse_arm_ide/gcc-arm-none-eabi/bin/../lib/gcc/arm-none-eabi/5.4.1/armv7-m/crtbegin.o
LOAD c:/elipse_arm_ide/gcc-arm-none-eabi/bin/../lib/gcc/arm-none-eabi/5.4.1/../../../../arm-none-eabi/lib/armv7-m/crt0.o
LOAD ./startup/startup_stm32f103xb.o
LOAD ./Src/main.o
LOAD ./Src/stm32f1xx_hal_msp.o
LOAD ./Src/stm32f1xx_it.o
LOAD ./Src/system_stm32f1xx.o
LOAD ./Drivers/STM32F1xx_HAL_Driver/Src/stm32f1xx_hal.o
LOAD ./Drivers/STM32F1xx_HAL_Driver/Src/stm32f1xx_hal_adc.o
LOAD ./Drivers/STM32F1xx_HAL_Driver/Src/stm32f1xx_hal_adc_ex.o
LOAD ./Drivers/STM32F1xx_HAL_Driver/Src/stm32f1xx_hal_cortex.o
LOAD ./Drivers/STM32F1xx_HAL_Driver/Src/stm32f1xx_hal_dma.o
LOAD ./Drivers/STM32F1xx_HAL_Driver/Src/stm32f1xx_hal_flash.o
LOAD ./Drivers/STM32F1xx_HAL_Driver/Src/stm32f1xx_hal_flash_ex.o
LOAD ./Drivers/STM32F1xx_HAL_Driver/Src/stm32f1xx_hal_gpio.o
LOAD ./Drivers/STM32F1xx_HAL_Driver/Src/stm32f1xx_hal_gpio_ex.o
LOAD ./Drivers/STM32F1xx_HAL_Driver/Src/stm32f1xx_hal_pcd.o
LOAD ./Drivers/STM32F1xx_HAL_Driver/Src/stm32f1xx_hal_pcd_ex.o
LOAD ./Drivers/STM32F1xx_HAL_Driver/Src/stm32f1xx_hal_pwr.o
LOAD ./Drivers/STM32F1xx_HAL_Driver/Src/stm32f1xx_hal_rcc.o
LOAD ./Drivers/STM32F1xx_HAL_Driver/Src/stm32f1xx_hal_rcc_ex.o
LOAD ./Drivers/STM32F1xx_HAL_Driver/Src/stm32f1xx_hal_spi.o
LOAD ./Drivers/STM32F1xx_HAL_Driver/Src/stm32f1xx_hal_spi_ex.o
LOAD ./Drivers/STM32F1xx_HAL_Driver/Src/stm32f1xx_hal_uart.o
LOAD ./Drivers/STM32F1xx_HAL_Driver/Src/stm32f1xx_ll_usb.o
LOAD ./Bspilot_Src/bshh_adc.o
LOAD ./Bspilot_Src/bshh_beep.o
LOAD ./Bspilot_Src/bshh_ble.o
LOAD ./Bspilot_Src/bshh_button.o
LOAD ./Bspilot_Src/bshh_ctrl.o
LOAD ./Bspilot_Src/bshh_event.o
LOAD ./Bspilot_Src/bshh_led.o
LOAD ./Bspilot_Src/bshh_nrf.o
LOAD ./Bspilot_Src/bshh_oled.o
START GROUP
LOAD c:/elipse_arm_ide/gcc-arm-none-eabi/bin/../lib/gcc/arm-none-eabi/5.4.1/armv7-m\libgcc.a
LOAD c:/elipse_arm_ide/gcc-arm-none-eabi/bin/../lib/gcc/arm-none-eabi/5.4.1/../../../../arm-none-eabi/lib/armv7-m\libg.a
LOAD c:/elipse_arm_ide/gcc-arm-none-eabi/bin/../lib/gcc/arm-none-eabi/5.4.1/../../../../arm-none-eabi/lib/armv7-m\libc.a
END GROUP
LOAD c:/elipse_arm_ide/gcc-arm-none-eabi/bin/../lib/gcc/arm-none-eabi/5.4.1/armv7-m/crtend.o
LOAD c:/elipse_arm_ide/gcc-arm-none-eabi/bin/../lib/gcc/arm-none-eabi/5.4.1/armv7-m/crtn.o
                0x20005000                _estack = 0x20005000
                0x00000200                _Min_Heap_Size = 0x200
                0x00000400                _Min_Stack_Size = 0x400

.isr_vector     0x08000000      0x10c
                0x08000000                . = ALIGN (0x4)
 *(.isr_vector)
 .isr_vector    0x08000000      0x10c ./startup/startup_stm32f103xb.o
                0x08000000                g_pfnVectors
                0x0800010c                . = ALIGN (0x4)

.text           0x0800010c     0x600c
                0x0800010c                . = ALIGN (0x4)
 *(.text)
 .text          0x0800010c       0x5c c:/elipse_arm_ide/gcc-arm-none-eabi/bin/../lib/gcc/arm-none-eabi/5.4.1/armv7-m/crtbegin.o
 *(.text*)
 .text.Reset_Handler
                0x08000168       0x48 ./startup/startup_stm32f103xb.o
                0x08000168                Reset_Handler
 .text.Default_Handler
                0x080001b0        0x2 ./startup/startup_stm32f103xb.o
                0x080001b0                RTC_Alarm_IRQHandler
                0x080001b0                EXTI2_IRQHandler
                0x080001b0                TIM1_CC_IRQHandler
                0x080001b0                PVD_IRQHandler
                0x080001b0                EXTI3_IRQHandler
                0x080001b0                EXTI0_IRQHandler
                0x080001b0                I2C2_EV_IRQHandler
                0x080001b0                ADC1_2_IRQHandler
                0x080001b0                SPI1_IRQHandler
                0x080001b0                TAMPER_IRQHandler
                0x080001b0                DMA1_Channel4_IRQHandler
                0x080001b0                RTC_IRQHandler
                0x080001b0                DMA1_Channel7_IRQHandler
                0x080001b0                CAN1_RX1_IRQHandler
                0x080001b0                TIM4_IRQHandler
                0x080001b0                I2C1_EV_IRQHandler
                0x080001b0                DMA1_Channel6_IRQHandler
                0x080001b0                TIM3_IRQHandler
                0x080001b0                RCC_IRQHandler
                0x080001b0                TIM1_TRG_COM_IRQHandler
                0x080001b0                Default_Handler
                0x080001b0                EXTI15_10_IRQHandler
                0x080001b0                EXTI9_5_IRQHandler
                0x080001b0                SPI2_IRQHandler
                0x080001b0                DMA1_Channel5_IRQHandler
                0x080001b0                EXTI4_IRQHandler
                0x080001b0                USB_LP_CAN1_RX0_IRQHandler
                0x080001b0                USB_HP_CAN1_TX_IRQHandler
                0x080001b0                DMA1_Channel3_IRQHandler
                0x080001b0                TIM1_UP_IRQHandler
                0x080001b0                WWDG_IRQHandler
                0x080001b0                TIM2_IRQHandler
                0x080001b0                TIM1_BRK_IRQHandler
                0x080001b0                EXTI1_IRQHandler
                0x080001b0                USART2_IRQHandler
                0x080001b0                I2C2_ER_IRQHandler
                0x080001b0                DMA1_Channel2_IRQHandler
                0x080001b0                CAN1_SCE_IRQHandler
                0x080001b0                FLASH_IRQHandler
                0x080001b0                USART1_IRQHandler
                0x080001b0                I2C1_ER_IRQHandler
                0x080001b0                USBWakeUp_IRQHandler
 *fill*         0x080001b2        0x2 
 .text.main     0x080001b4       0x48 ./Src/main.o
                0x080001b4                main
 .text.SystemClock_Config
                0x080001fc       0xbc ./Src/main.o
                0x080001fc                SystemClock_Config
 .text.MX_ADC1_Init
                0x080002b8      0x11c ./Src/main.o
 .text.MX_SPI2_Init
                0x080003d4       0x6c ./Src/main.o
 .text.MX_USART3_UART_Init
                0x08000440       0x54 ./Src/main.o
 .text.MX_USB_PCD_Init
                0x08000494       0x4c ./Src/main.o
 .text.MX_DMA_Init
                0x080004e0       0x3c ./Src/main.o
 .text.MX_GPIO_Init
                0x0800051c      0x118 ./Src/main.o
 .text.Error_Handler
                0x08000634        0x8 ./Src/main.o
                0x08000634                Error_Handler
 .text.HAL_MspInit
                0x0800063c       0x98 ./Src/stm32f1xx_hal_msp.o
                0x0800063c                HAL_MspInit
 .text.HAL_ADC_MspInit
                0x080006d4       0xc4 ./Src/stm32f1xx_hal_msp.o
                0x080006d4                HAL_ADC_MspInit
 .text.HAL_SPI_MspInit
                0x08000798       0x74 ./Src/stm32f1xx_hal_msp.o
                0x08000798                HAL_SPI_MspInit
 .text.HAL_UART_MspInit
                0x0800080c       0x74 ./Src/stm32f1xx_hal_msp.o
                0x0800080c                HAL_UART_MspInit
 .text.HAL_PCD_MspInit
                0x08000880       0x3c ./Src/stm32f1xx_hal_msp.o
                0x08000880                HAL_PCD_MspInit
 .text.NMI_Handler
                0x080008bc        0xc ./Src/stm32f1xx_it.o
                0x080008bc                NMI_Handler
 .text.HardFault_Handler
                0x080008c8        0x8 ./Src/stm32f1xx_it.o
                0x080008c8                HardFault_Handler
 .text.MemManage_Handler
                0x080008d0        0x8 ./Src/stm32f1xx_it.o
                0x080008d0                MemManage_Handler
 .text.BusFault_Handler
                0x080008d8        0x8 ./Src/stm32f1xx_it.o
                0x080008d8                BusFault_Handler
 .text.UsageFault_Handler
                0x080008e0        0x8 ./Src/stm32f1xx_it.o
                0x080008e0                UsageFault_Handler
 .text.SVC_Handler
                0x080008e8        0xc ./Src/stm32f1xx_it.o
                0x080008e8                SVC_Handler
 .text.DebugMon_Handler
                0x080008f4        0xc ./Src/stm32f1xx_it.o
                0x080008f4                DebugMon_Handler
 .text.PendSV_Handler
                0x08000900        0xc ./Src/stm32f1xx_it.o
                0x08000900                PendSV_Handler
 .text.SysTick_Handler
                0x0800090c       0x3c ./Src/stm32f1xx_it.o
                0x0800090c                SysTick_Handler
 .text.DMA1_Channel1_IRQHandler
                0x08000948       0x14 ./Src/stm32f1xx_it.o
                0x08000948                DMA1_Channel1_IRQHandler
 .text.USART3_IRQHandler
                0x0800095c       0x14 ./Src/stm32f1xx_it.o
                0x0800095c                USART3_IRQHandler
 .text.SystemInit
                0x08000970       0x68 ./Src/system_stm32f1xx.o
                0x08000970                SystemInit
 .text.HAL_Init
                0x080009d8       0x2c ./Drivers/STM32F1xx_HAL_Driver/Src/stm32f1xx_hal.o
                0x080009d8                HAL_Init
 .text.HAL_InitTick
                0x08000a04       0x38 ./Drivers/STM32F1xx_HAL_Driver/Src/stm32f1xx_hal.o
                0x08000a04                HAL_InitTick
 .text.HAL_IncTick
                0x08000a3c       0x1c ./Drivers/STM32F1xx_HAL_Driver/Src/stm32f1xx_hal.o
                0x08000a3c                HAL_IncTick
 .text.HAL_GetTick
                0x08000a58       0x14 ./Drivers/STM32F1xx_HAL_Driver/Src/stm32f1xx_hal.o
                0x08000a58                HAL_GetTick
 .text.HAL_Delay
                0x08000a6c       0x2c ./Drivers/STM32F1xx_HAL_Driver/Src/stm32f1xx_hal.o
                0x08000a6c                HAL_Delay
 .text.HAL_ADC_Init
                0x08000a98      0x1fc ./Drivers/STM32F1xx_HAL_Driver/Src/stm32f1xx_hal_adc.o
                0x08000a98                HAL_ADC_Init
 .text.HAL_ADC_Start_DMA
                0x08000c94      0x1bc ./Drivers/STM32F1xx_HAL_Driver/Src/stm32f1xx_hal_adc.o
                0x08000c94                HAL_ADC_Start_DMA
 .text.HAL_ADC_ConvCpltCallback
                0x08000e50       0x14 ./Drivers/STM32F1xx_HAL_Driver/Src/stm32f1xx_hal_adc.o
                0x08000e50                HAL_ADC_ConvCpltCallback
 .text.HAL_ADC_ConvHalfCpltCallback
                0x08000e64       0x14 ./Drivers/STM32F1xx_HAL_Driver/Src/stm32f1xx_hal_adc.o
                0x08000e64                HAL_ADC_ConvHalfCpltCallback
 .text.HAL_ADC_ErrorCallback
                0x08000e78       0x14 ./Drivers/STM32F1xx_HAL_Driver/Src/stm32f1xx_hal_adc.o
                0x08000e78                HAL_ADC_ErrorCallback
 .text.HAL_ADC_ConfigChannel
                0x08000e8c      0x2b8 ./Drivers/STM32F1xx_HAL_Driver/Src/stm32f1xx_hal_adc.o
                0x08000e8c                HAL_ADC_ConfigChannel
 .text.ADC_Enable
                0x08001144       0xa4 ./Drivers/STM32F1xx_HAL_Driver/Src/stm32f1xx_hal_adc.o
                0x08001144                ADC_Enable
 .text.ADC_ConversionStop_Disable
                0x080011e8       0x74 ./Drivers/STM32F1xx_HAL_Driver/Src/stm32f1xx_hal_adc.o
                0x080011e8                ADC_ConversionStop_Disable
 .text.ADC_DMAConvCplt
                0x0800125c       0x7c ./Drivers/STM32F1xx_HAL_Driver/Src/stm32f1xx_hal_adc.o
                0x0800125c                ADC_DMAConvCplt
 .text.ADC_DMAHalfConvCplt
                0x080012d8       0x1c ./Drivers/STM32F1xx_HAL_Driver/Src/stm32f1xx_hal_adc.o
                0x080012d8                ADC_DMAHalfConvCplt
 .text.ADC_DMAError
                0x080012f4       0x34 ./Drivers/STM32F1xx_HAL_Driver/Src/stm32f1xx_hal_adc.o
                0x080012f4                ADC_DMAError
 .text.NVIC_SetPriorityGrouping
                0x08001328       0x48 ./Drivers/STM32F1xx_HAL_Driver/Src/stm32f1xx_hal_cortex.o
 .text.NVIC_GetPriorityGrouping
                0x08001370       0x1c ./Drivers/STM32F1xx_HAL_Driver/Src/stm32f1xx_hal_cortex.o
 .text.NVIC_EnableIRQ
                0x0800138c       0x30 ./Drivers/STM32F1xx_HAL_Driver/Src/stm32f1xx_hal_cortex.o
 .text.NVIC_SetPriority
                0x080013bc       0x54 ./Drivers/STM32F1xx_HAL_Driver/Src/stm32f1xx_hal_cortex.o
 .text.NVIC_EncodePriority
                0x08001410       0x60 ./Drivers/STM32F1xx_HAL_Driver/Src/stm32f1xx_hal_cortex.o
 .text.SysTick_Config
                0x08001470       0x44 ./Drivers/STM32F1xx_HAL_Driver/Src/stm32f1xx_hal_cortex.o
 .text.HAL_NVIC_SetPriorityGrouping
                0x080014b4       0x18 ./Drivers/STM32F1xx_HAL_Driver/Src/stm32f1xx_hal_cortex.o
                0x080014b4                HAL_NVIC_SetPriorityGrouping
 .text.HAL_NVIC_SetPriority
                0x080014cc       0x38 ./Drivers/STM32F1xx_HAL_Driver/Src/stm32f1xx_hal_cortex.o
                0x080014cc                HAL_NVIC_SetPriority
 .text.HAL_NVIC_EnableIRQ
                0x08001504       0x1c ./Drivers/STM32F1xx_HAL_Driver/Src/stm32f1xx_hal_cortex.o
                0x08001504                HAL_NVIC_EnableIRQ
 .text.HAL_SYSTICK_Config
                0x08001520       0x18 ./Drivers/STM32F1xx_HAL_Driver/Src/stm32f1xx_hal_cortex.o
                0x08001520                HAL_SYSTICK_Config
 .text.HAL_SYSTICK_CLKSourceConfig
                0x08001538       0x38 ./Drivers/STM32F1xx_HAL_Driver/Src/stm32f1xx_hal_cortex.o
                0x08001538                HAL_SYSTICK_CLKSourceConfig
 .text.HAL_SYSTICK_IRQHandler
                0x08001570        0xc ./Drivers/STM32F1xx_HAL_Driver/Src/stm32f1xx_hal_cortex.o
                0x08001570                HAL_SYSTICK_IRQHandler
 .text.HAL_SYSTICK_Callback
                0x0800157c        0xc ./Drivers/STM32F1xx_HAL_Driver/Src/stm32f1xx_hal_cortex.o
                0x0800157c                HAL_SYSTICK_Callback
 .text.HAL_DMA_Init
                0x08001588       0x94 ./Drivers/STM32F1xx_HAL_Driver/Src/stm32f1xx_hal_dma.o
                0x08001588                HAL_DMA_Init
 .text.HAL_DMA_Start_IT
                0x0800161c       0x94 ./Drivers/STM32F1xx_HAL_Driver/Src/stm32f1xx_hal_dma.o
                0x0800161c                HAL_DMA_Start_IT
 .text.HAL_DMA_IRQHandler
                0x080016b0      0x3e0 ./Drivers/STM32F1xx_HAL_Driver/Src/stm32f1xx_hal_dma.o
                0x080016b0                HAL_DMA_IRQHandler
 .text.DMA_SetConfig
                0x08001a90       0x4c ./Drivers/STM32F1xx_HAL_Driver/Src/stm32f1xx_hal_dma.o
 .text.HAL_GPIO_Init
                0x08001adc      0x2bc ./Drivers/STM32F1xx_HAL_Driver/Src/stm32f1xx_hal_gpio.o
                0x08001adc                HAL_GPIO_Init
 .text.HAL_GPIO_ReadPin
                0x08001d98       0x30 ./Drivers/STM32F1xx_HAL_Driver/Src/stm32f1xx_hal_gpio.o
                0x08001d98                HAL_GPIO_ReadPin
 .text.HAL_GPIO_WritePin
                0x08001dc8       0x30 ./Drivers/STM32F1xx_HAL_Driver/Src/stm32f1xx_hal_gpio.o
                0x08001dc8                HAL_GPIO_WritePin
 .text.HAL_GPIO_TogglePin
                0x08001df8       0x24 ./Drivers/STM32F1xx_HAL_Driver/Src/stm32f1xx_hal_gpio.o
                0x08001df8                HAL_GPIO_TogglePin
 .text.HAL_PCD_Init
                0x08001e1c      0x1b4 ./Drivers/STM32F1xx_HAL_Driver/Src/stm32f1xx_hal_pcd.o
                0x08001e1c                HAL_PCD_Init
 .text.HAL_RCC_OscConfig
                0x08001fd0      0xe40 ./Drivers/STM32F1xx_HAL_Driver/Src/stm32f1xx_hal_rcc.o
                0x08001fd0                HAL_RCC_OscConfig
 .text.HAL_RCC_ClockConfig
                0x08002e10      0x378 ./Drivers/STM32F1xx_HAL_Driver/Src/stm32f1xx_hal_rcc.o
                0x08002e10                HAL_RCC_ClockConfig
 .text.HAL_RCC_GetSysClockFreq
                0x08003188       0xf4 ./Drivers/STM32F1xx_HAL_Driver/Src/stm32f1xx_hal_rcc.o
                0x08003188                HAL_RCC_GetSysClockFreq
 .text.HAL_RCC_GetHCLKFreq
                0x0800327c       0x14 ./Drivers/STM32F1xx_HAL_Driver/Src/stm32f1xx_hal_rcc.o
                0x0800327c                HAL_RCC_GetHCLKFreq
 .text.HAL_RCC_GetPCLK1Freq
                0x08003290       0x44 ./Drivers/STM32F1xx_HAL_Driver/Src/stm32f1xx_hal_rcc.o
                0x08003290                HAL_RCC_GetPCLK1Freq
 .text.HAL_RCC_GetPCLK2Freq
                0x080032d4       0x44 ./Drivers/STM32F1xx_HAL_Driver/Src/stm32f1xx_hal_rcc.o
                0x080032d4                HAL_RCC_GetPCLK2Freq
 .text.HAL_RCCEx_PeriphCLKConfig
                0x08003318      0x1ec ./Drivers/STM32F1xx_HAL_Driver/Src/stm32f1xx_hal_rcc_ex.o
                0x08003318                HAL_RCCEx_PeriphCLKConfig
 .text.HAL_SPI_Transmit
                0x08003504      0x280 ./Drivers/STM32F1xx_HAL_Driver/Src/stm32f1xx_hal_spi.o
                0x08003504                HAL_SPI_Transmit
 .text.HAL_SPI_TransmitReceive
                0x08003784      0x498 ./Drivers/STM32F1xx_HAL_Driver/Src/stm32f1xx_hal_spi.o
                0x08003784                HAL_SPI_TransmitReceive
 .text.SPI_WaitOnFlagUntilTimeout
                0x08003c1c      0x148 ./Drivers/STM32F1xx_HAL_Driver/Src/stm32f1xx_hal_spi.o
 .text.HAL_SPI_Init
                0x08003d64       0xcc ./Drivers/STM32F1xx_HAL_Driver/Src/stm32f1xx_hal_spi_ex.o
                0x08003d64                HAL_SPI_Init
 .text.HAL_UART_Init
                0x08003e30       0x94 ./Drivers/STM32F1xx_HAL_Driver/Src/stm32f1xx_hal_uart.o
                0x08003e30                HAL_UART_Init
 .text.HAL_UART_Transmit
                0x08003ec4      0x150 ./Drivers/STM32F1xx_HAL_Driver/Src/stm32f1xx_hal_uart.o
                0x08003ec4                HAL_UART_Transmit
 .text.HAL_UART_Receive
                0x08004014      0x170 ./Drivers/STM32F1xx_HAL_Driver/Src/stm32f1xx_hal_uart.o
                0x08004014                HAL_UART_Receive
 .text.HAL_UART_IRQHandler
                0x08004184      0x1ac ./Drivers/STM32F1xx_HAL_Driver/Src/stm32f1xx_hal_uart.o
                0x08004184                HAL_UART_IRQHandler
 .text.HAL_UART_TxCpltCallback
                0x08004330       0x14 ./Drivers/STM32F1xx_HAL_Driver/Src/stm32f1xx_hal_uart.o
                0x08004330                HAL_UART_TxCpltCallback
 .text.HAL_UART_RxCpltCallback
                0x08004344       0x14 ./Drivers/STM32F1xx_HAL_Driver/Src/stm32f1xx_hal_uart.o
                0x08004344                HAL_UART_RxCpltCallback
 .text.HAL_UART_ErrorCallback
                0x08004358       0x14 ./Drivers/STM32F1xx_HAL_Driver/Src/stm32f1xx_hal_uart.o
                0x08004358                HAL_UART_ErrorCallback
 .text.UART_WaitOnFlagUntilTimeout
                0x0800436c      0x134 ./Drivers/STM32F1xx_HAL_Driver/Src/stm32f1xx_hal_uart.o
 .text.UART_Transmit_IT
                0x080044a0       0xb8 ./Drivers/STM32F1xx_HAL_Driver/Src/stm32f1xx_hal_uart.o
 .text.UART_EndTransmit_IT
                0x08004558       0x48 ./Drivers/STM32F1xx_HAL_Driver/Src/stm32f1xx_hal_uart.o
 .text.UART_Receive_IT
                0x080045a0      0x128 ./Drivers/STM32F1xx_HAL_Driver/Src/stm32f1xx_hal_uart.o
 .text.UART_SetConfig
                0x080046c8      0x22c ./Drivers/STM32F1xx_HAL_Driver/Src/stm32f1xx_hal_uart.o
 .text.USB_CoreInit
                0x080048f4       0x20 ./Drivers/STM32F1xx_HAL_Driver/Src/stm32f1xx_ll_usb.o
                0x080048f4                USB_CoreInit
 .text.USB_DisableGlobalInt
                0x08004914       0x38 ./Drivers/STM32F1xx_HAL_Driver/Src/stm32f1xx_ll_usb.o
                0x08004914                USB_DisableGlobalInt
 .text.USB_SetCurrentMode
                0x0800494c       0x18 ./Drivers/STM32F1xx_HAL_Driver/Src/stm32f1xx_ll_usb.o
                0x0800494c                USB_SetCurrentMode
 .text.USB_DevInit
                0x08004964       0x40 ./Drivers/STM32F1xx_HAL_Driver/Src/stm32f1xx_ll_usb.o
                0x08004964                USB_DevInit
 .text.USB_DevDisconnect
                0x080049a4       0x14 ./Drivers/STM32F1xx_HAL_Driver/Src/stm32f1xx_ll_usb.o
                0x080049a4                USB_DevDisconnect
 .text.bshh_adc_start
                0x080049b8       0x1c ./Bspilot_Src/bshh_adc.o
                0x080049b8                bshh_adc_start
 .text.bshh_adc_display
                0x080049d4       0x44 ./Bspilot_Src/bshh_adc.o
                0x080049d4                bshh_adc_display
 .text.bshh_beep_delay_ms
                0x08004a18       0x18 ./Bspilot_Src/bshh_beep.o
                0x08004a18                bshh_beep_delay_ms
 .text.bshh_beep_on
                0x08004a30       0x1c ./Bspilot_Src/bshh_beep.o
                0x08004a30                bshh_beep_on
 .text.bshh_beep_off
                0x08004a4c       0x18 ./Bspilot_Src/bshh_beep.o
                0x08004a4c                bshh_beep_off
 .text.bshh_beep_once
                0x08004a64       0x10 ./Bspilot_Src/bshh_beep.o
                0x08004a64                bshh_beep_once
 .text.bshh_ble_show_command
                0x08004a74       0x58 ./Bspilot_Src/bshh_ble.o
                0x08004a74                bshh_ble_show_command
 .text.bshh_ble_send_ctrl_data
                0x08004acc       0x34 ./Bspilot_Src/bshh_ble.o
                0x08004acc                bshh_ble_send_ctrl_data
 .text.bshh_ble_AT_Test
                0x08004b00       0x88 ./Bspilot_Src/bshh_ble.o
                0x08004b00                bshh_ble_AT_Test
 .text.bshh_ble_AT_Clear
                0x08004b88       0x88 ./Bspilot_Src/bshh_ble.o
                0x08004b88                bshh_ble_AT_Clear
 .text.bshh_button_delay_ms
                0x08004c10       0x18 ./Bspilot_Src/bshh_button.o
                0x08004c10                bshh_button_delay_ms
 .text.bshh_button_mode_detect
                0x08004c28       0x30 ./Bspilot_Src/bshh_button.o
                0x08004c28                bshh_button_mode_detect
 .text.bshh_button_key_detect
                0x08004c58      0x208 ./Bspilot_Src/bshh_button.o
                0x08004c58                bshh_button_key_detect
 .text.bshh_ctrl_num_to_asc
                0x08004e60       0x60 ./Bspilot_Src/bshh_ctrl.o
                0x08004e60                bshh_ctrl_num_to_asc
 .text.bshh_ctrl_checksum
                0x08004ec0       0x4c ./Bspilot_Src/bshh_ctrl.o
                0x08004ec0                bshh_ctrl_checksum
 .text.bshh_ctrl_joystick
                0x08004f0c      0x1ac ./Bspilot_Src/bshh_ctrl.o
                0x08004f0c                bshh_ctrl_joystick
 .text.bshh_ctrl_cal
                0x080050b8       0x90 ./Bspilot_Src/bshh_ctrl.o
                0x080050b8                bshh_ctrl_cal
 .text.bshh_ctrl_unlock
                0x08005148       0x98 ./Bspilot_Src/bshh_ctrl.o
                0x08005148                bshh_ctrl_unlock
 .text.bshh_event_loop
                0x080051e0       0x18 ./Bspilot_Src/bshh_event.o
                0x080051e0                bshh_event_loop
 .text.bshh_remote_control_event
                0x080051f8       0x34 ./Bspilot_Src/bshh_event.o
                0x080051f8                bshh_remote_control_event
 .text.bshh_adc_display_event
                0x0800522c       0x24 ./Bspilot_Src/bshh_event.o
                0x0800522c                bshh_adc_display_event
 .text.bshh_key_detect_event
                0x08005250       0x24 ./Bspilot_Src/bshh_event.o
                0x08005250                bshh_key_detect_event
 .text.bshh_led_toggle
                0x08005274       0x18 ./Bspilot_Src/bshh_led.o
                0x08005274                bshh_led_toggle
 .text.bshh_nrf_configuration
                0x0800528c       0x60 ./Bspilot_Src/bshh_nrf.o
                0x0800528c                bshh_nrf_configuration
 .text.bshh_nrf_send_ctrl_data
                0x080052ec       0x24 ./Bspilot_Src/bshh_nrf.o
                0x080052ec                bshh_nrf_send_ctrl_data
 .text.bshh_nrf_show_times
                0x08005310       0xa4 ./Bspilot_Src/bshh_nrf.o
                0x08005310                bshh_nrf_show_times
 .text.bshh_nrf_status_check
                0x080053b4       0xe8 ./Bspilot_Src/bshh_nrf.o
                0x080053b4                bshh_nrf_status_check
 .text.bshh_nrf_delay_ms
                0x0800549c       0x18 ./Bspilot_Src/bshh_nrf.o
 .text.bshh_nrf_write_reg
                0x080054b4       0x54 ./Bspilot_Src/bshh_nrf.o
 .text.bshh_nrf_write_addr_tx
                0x08005508       0x84 ./Bspilot_Src/bshh_nrf.o
 .text.bshh_nrf_show_rx_data
                0x0800558c       0x9c ./Bspilot_Src/bshh_nrf.o
 .text.bshh_nrf_show_tx_addr
                0x08005628       0x64 ./Bspilot_Src/bshh_nrf.o
 .text.bshh_nrf_tx_configuration
                0x0800568c       0xa8 ./Bspilot_Src/bshh_nrf.o
 .text.bshh_nrf_transmit
                0x08005734       0xe4 ./Bspilot_Src/bshh_nrf.o
 .text.BS_OLED_Delay_ms
                0x08005818       0x18 ./Bspilot_Src/bshh_oled.o
                0x08005818                BS_OLED_Delay_ms
 .text.BS_OLED_Write_Command
                0x08005830       0x90 ./Bspilot_Src/bshh_oled.o
                0x08005830                BS_OLED_Write_Command
 .text.BS_OLED_Write_Data
                0x080058c0       0x90 ./Bspilot_Src/bshh_oled.o
                0x080058c0                BS_OLED_Write_Data
 .text.BS_OLED_Set_Cursor
                0x08005950       0x44 ./Bspilot_Src/bshh_oled.o
                0x08005950                BS_OLED_Set_Cursor
 .text.BS_OLED_Clear_Screen
                0x08005994       0x54 ./Bspilot_Src/bshh_oled.o
                0x08005994                BS_OLED_Clear_Screen
 .text.BS_OLED_Show_Char
                0x080059e8       0x60 ./Bspilot_Src/bshh_oled.o
                0x080059e8                BS_OLED_Show_Char
 .text.BS_OLED_Show_Number
                0x08005a48       0xb4 ./Bspilot_Src/bshh_oled.o
                0x08005a48                BS_OLED_Show_Number
 .text.BS_OLED_Show_HEX_Number
                0x08005afc       0xbc ./Bspilot_Src/bshh_oled.o
                0x08005afc                BS_OLED_Show_HEX_Number
 .text.BS_OLED_Show_Text
                0x08005bb8       0x94 ./Bspilot_Src/bshh_oled.o
                0x08005bb8                BS_OLED_Show_Text
 .text.BS_OLED_Show_Logo
                0x08005c4c       0xa8 ./Bspilot_Src/bshh_oled.o
                0x08005c4c                BS_OLED_Show_Logo
 .text.BS_OLED_Show_Unlock
                0x08005cf4       0x44 ./Bspilot_Src/bshh_oled.o
                0x08005cf4                BS_OLED_Show_Unlock
 .text.BS_OLED_Show_Cal
                0x08005d38       0x44 ./Bspilot_Src/bshh_oled.o
                0x08005d38                BS_OLED_Show_Cal
 .text.BS_OLED_Show_BLE_Clear
                0x08005d7c       0x78 ./Bspilot_Src/bshh_oled.o
                0x08005d7c                BS_OLED_Show_BLE_Clear
 .text.BS_OLED_Show_BLE_Test
                0x08005df4       0x78 ./Bspilot_Src/bshh_oled.o
                0x08005df4                BS_OLED_Show_BLE_Test
 .text.BS_OLED_Configuration
                0x08005e6c       0xbc ./Bspilot_Src/bshh_oled.o
                0x08005e6c                BS_OLED_Configuration
 .text.__libc_init_array
                0x08005f28       0x50 c:/elipse_arm_ide/gcc-arm-none-eabi/bin/../lib/gcc/arm-none-eabi/5.4.1/../../../../arm-none-eabi/lib/armv7-m\libg.a(lib_a-init.o)
                0x08005f28                __libc_init_array
 .text.memset   0x08005f78       0x9c c:/elipse_arm_ide/gcc-arm-none-eabi/bin/../lib/gcc/arm-none-eabi/5.4.1/../../../../arm-none-eabi/lib/armv7-m\libg.a(lib_a-memset.o)
                0x08005f78                memset
 .text.startup.register_fini
                0x08006014       0x14 c:/elipse_arm_ide/gcc-arm-none-eabi/bin/../lib/gcc/arm-none-eabi/5.4.1/../../../../arm-none-eabi/lib/armv7-m\libg.a(lib_a-__call_atexit.o)
 .text.atexit   0x08006028        0xc c:/elipse_arm_ide/gcc-arm-none-eabi/bin/../lib/gcc/arm-none-eabi/5.4.1/../../../../arm-none-eabi/lib/armv7-m\libg.a(lib_a-atexit.o)
                0x08006028                atexit
 .text.__libc_fini_array
                0x08006034       0x28 c:/elipse_arm_ide/gcc-arm-none-eabi/bin/../lib/gcc/arm-none-eabi/5.4.1/../../../../arm-none-eabi/lib/armv7-m\libg.a(lib_a-fini.o)
                0x08006034                __libc_fini_array
 .text.__register_exitproc
                0x0800605c       0xa4 c:/elipse_arm_ide/gcc-arm-none-eabi/bin/../lib/gcc/arm-none-eabi/5.4.1/../../../../arm-none-eabi/lib/armv7-m\libg.a(lib_a-__atexit.o)
                0x0800605c                __register_exitproc
 *(.glue_7)
 .glue_7        0x08006100        0x0 linker stubs
 *(.glue_7t)
 .glue_7t       0x08006100        0x0 linker stubs
 *(.eh_frame)
 .eh_frame      0x08006100        0x0 c:/elipse_arm_ide/gcc-arm-none-eabi/bin/../lib/gcc/arm-none-eabi/5.4.1/armv7-m/crtbegin.o
 *(.init)
 .init          0x08006100        0x4 c:/elipse_arm_ide/gcc-arm-none-eabi/bin/../lib/gcc/arm-none-eabi/5.4.1/armv7-m/crti.o
                0x08006100                _init
 .init          0x08006104        0x8 c:/elipse_arm_ide/gcc-arm-none-eabi/bin/../lib/gcc/arm-none-eabi/5.4.1/armv7-m/crtn.o
 *(.fini)
 .fini          0x0800610c        0x4 c:/elipse_arm_ide/gcc-arm-none-eabi/bin/../lib/gcc/arm-none-eabi/5.4.1/armv7-m/crti.o
                0x0800610c                _fini
 .fini          0x08006110        0x8 c:/elipse_arm_ide/gcc-arm-none-eabi/bin/../lib/gcc/arm-none-eabi/5.4.1/armv7-m/crtn.o
                0x08006118                . = ALIGN (0x4)
                0x08006118                _etext = .

.vfp11_veneer   0x08006118        0x0
 .vfp11_veneer  0x08006118        0x0 linker stubs

.v4_bx          0x08006118        0x0
 .v4_bx         0x08006118        0x0 linker stubs

.iplt           0x08006118        0x0
 .iplt          0x08006118        0x0 c:/elipse_arm_ide/gcc-arm-none-eabi/bin/../lib/gcc/arm-none-eabi/5.4.1/armv7-m/crtbegin.o

.rodata         0x08006118      0xc78
                0x08006118                . = ALIGN (0x4)
 *(.rodata)
 .rodata        0x08006118       0x12 ./Drivers/STM32F1xx_HAL_Driver/Src/stm32f1xx_hal_rcc.o
 *(.rodata*)
 *fill*         0x0800612a        0x2 
 .rodata.AHBPrescTable
                0x0800612c       0x10 ./Src/system_stm32f1xx.o
                0x0800612c                AHBPrescTable
 .rodata.APBPrescTable
                0x0800613c        0x8 ./Src/system_stm32f1xx.o
                0x0800613c                APBPrescTable
 .rodata.BS_NRF_TX_Configuration_Table
                0x08006144       0x10 ./Bspilot_Src/bshh_nrf.o
                0x08006144                BS_NRF_TX_Configuration_Table
 .rodata.BS_NRF_TX_ADDR_Table
                0x08006154        0xc ./Bspilot_Src/bshh_nrf.o
                0x08006154                BS_NRF_TX_ADDR_Table
 .rodata.BS_OLED_Configuration_Table
                0x08006160       0x1c ./Bspilot_Src/bshh_oled.o
                0x08006160                BS_OLED_Configuration_Table
 .rodata.OLED_NUM_SIZE_6x8
                0x0800617c       0x66 ./Bspilot_Src/bshh_oled.o
                0x0800617c                OLED_NUM_SIZE_6x8
 *fill*         0x080061e2        0x2 
 .rodata.OLED_FONT_SIZE_6x8
                0x080061e4      0x228 ./Bspilot_Src/bshh_oled.o
                0x080061e4                OLED_FONT_SIZE_6x8
 .rodata.BS_OLED_DISPLAY_TEXT
                0x0800640c      0x980 ./Bspilot_Src/bshh_oled.o
                0x0800640c                BS_OLED_DISPLAY_TEXT
 .rodata._global_impure_ptr
                0x08006d8c        0x4 c:/elipse_arm_ide/gcc-arm-none-eabi/bin/../lib/gcc/arm-none-eabi/5.4.1/../../../../arm-none-eabi/lib/armv7-m\libg.a(lib_a-impure.o)
                0x08006d8c                _global_impure_ptr
                0x08006d90                . = ALIGN (0x4)

.rel.dyn        0x08006d90        0x0
 .rel.iplt      0x08006d90        0x0 c:/elipse_arm_ide/gcc-arm-none-eabi/bin/../lib/gcc/arm-none-eabi/5.4.1/armv7-m/crtbegin.o

.ARM.extab
 *(.ARM.extab* .gnu.linkonce.armextab.*)

.ARM            0x08006d90        0x0
                0x08006d90                __exidx_start = .
 *(.ARM.exidx*)
                0x08006d90                __exidx_end = .

.preinit_array  0x08006d90        0x0
                0x08006d90                PROVIDE (__preinit_array_start, .)
 *(.preinit_array*)
                0x08006d90                PROVIDE (__preinit_array_end, .)

.init_array     0x08006d90        0x8
                0x08006d90                PROVIDE (__init_array_start, .)
 *(SORT(.init_array.*))
 .init_array.00000
                0x08006d90        0x4 c:/elipse_arm_ide/gcc-arm-none-eabi/bin/../lib/gcc/arm-none-eabi/5.4.1/../../../../arm-none-eabi/lib/armv7-m\libg.a(lib_a-__call_atexit.o)
 *(.init_array*)
 .init_array    0x08006d94        0x4 c:/elipse_arm_ide/gcc-arm-none-eabi/bin/../lib/gcc/arm-none-eabi/5.4.1/armv7-m/crtbegin.o
                0x08006d98                PROVIDE (__init_array_end, .)

.fini_array     0x08006d98        0x4
                0x08006d98                PROVIDE (__fini_array_start, .)
 *(SORT(.fini_array.*))
 *(.fini_array*)
 .fini_array    0x08006d98        0x4 c:/elipse_arm_ide/gcc-arm-none-eabi/bin/../lib/gcc/arm-none-eabi/5.4.1/armv7-m/crtbegin.o
                0x08006d9c                PROVIDE (__fini_array_end, .)
                0x08006d9c                _sidata = LOADADDR (.data)

.data           0x20000000      0x430 load address 0x08006d9c
                0x20000000                . = ALIGN (0x4)
                0x20000000                _sdata = .
 *(.data)
 *(.data*)
 .data.SystemCoreClock
                0x20000000        0x4 ./Src/system_stm32f1xx.o
                0x20000000                SystemCoreClock
 *fill*         0x20000004        0x4 
 .data.impure_data
                0x20000008      0x428 c:/elipse_arm_ide/gcc-arm-none-eabi/bin/../lib/gcc/arm-none-eabi/5.4.1/../../../../arm-none-eabi/lib/armv7-m\libg.a(lib_a-impure.o)
                0x20000430                . = ALIGN (0x4)
                0x20000430                _edata = .

.jcr            0x20000430        0x0 load address 0x080071cc
 .jcr           0x20000430        0x0 c:/elipse_arm_ide/gcc-arm-none-eabi/bin/../lib/gcc/arm-none-eabi/5.4.1/armv7-m/crtbegin.o

.igot.plt       0x20000430        0x0 load address 0x080071cc
 .igot.plt      0x20000430        0x0 c:/elipse_arm_ide/gcc-arm-none-eabi/bin/../lib/gcc/arm-none-eabi/5.4.1/armv7-m/crtbegin.o
                0x20000430                . = ALIGN (0x4)

.bss            0x20000430      0x5dc load address 0x080071cc
                0x20000430                _sbss = .
                0x20000430                __bss_start__ = _sbss
 *(.bss)
 .bss           0x20000430       0x1c c:/elipse_arm_ide/gcc-arm-none-eabi/bin/../lib/gcc/arm-none-eabi/5.4.1/armv7-m/crtbegin.o
 *(.bss*)
 .bss.uwTick    0x2000044c        0x4 ./Drivers/STM32F1xx_HAL_Driver/Src/stm32f1xx_hal.o
 .bss.uCRCErrorWorkaroundCheck
                0x20000450        0x1 ./Drivers/STM32F1xx_HAL_Driver/Src/stm32f1xx_hal_spi_ex.o
                0x20000450                uCRCErrorWorkaroundCheck
 .bss.bshh_adc_channel_index
                0x20000451        0x1 ./Bspilot_Src/bshh_adc.o
                0x20000451                bshh_adc_channel_index
 .bss.ble_command_len
                0x20000452        0x2 ./Bspilot_Src/bshh_ble.o
                0x20000452                ble_command_len
 .bss.ble_status_len
                0x20000454        0x2 ./Bspilot_Src/bshh_ble.o
                0x20000454                ble_status_len
 .bss.bshh_ctrl_command_len
                0x20000456        0x1 ./Bspilot_Src/bshh_ctrl.o
                0x20000456                bshh_ctrl_command_len
 *fill*         0x20000457        0x1 
 .bss.system_100ms_timer
                0x20000458        0x4 ./Bspilot_Src/bshh_event.o
                0x20000458                system_100ms_timer
 .bss.system_200ms_timer
                0x2000045c        0x4 ./Bspilot_Src/bshh_event.o
                0x2000045c                system_200ms_timer
 .bss.system_500ms_timer
                0x20000460        0x4 ./Bspilot_Src/bshh_event.o
                0x20000460                system_500ms_timer
 .bss.nrf_receive_times
                0x20000464        0x4 ./Bspilot_Src/bshh_nrf.o
                0x20000464                nrf_receive_times
 .bss.nrf_send_times
                0x20000468        0x4 ./Bspilot_Src/bshh_nrf.o
                0x20000468                nrf_send_times
 .bss.nrf_error_times
                0x2000046c        0x4 ./Bspilot_Src/bshh_nrf.o
                0x2000046c                nrf_error_times
 *(COMMON)
 COMMON         0x20000470      0x520 ./Src/main.o
                0x20000470                hspi2
                0x200004c8                huart3
                0x20000508                hadc1
                0x20000538                hdma_adc1
                0x20000570                hpcd_USB_FS
 COMMON         0x20000990        0xe ./Bspilot_Src/bshh_adc.o
                0x20000990                bshh_adc_buffer
 *fill*         0x2000099e        0x2 
 COMMON         0x200009a0       0x40 ./Bspilot_Src/bshh_ble.o
                0x200009a0                ble_command_table
                0x200009c0                ble_status_buffer
 COMMON         0x200009e0        0x1 ./Bspilot_Src/bshh_button.o
                0x200009e0                bshh_nrf_ble_mode
 *fill*         0x200009e1        0x3 
 COMMON         0x200009e4       0x26 ./Bspilot_Src/bshh_ctrl.o
                0x200009e4                bshh_ctrl_pitch
                0x200009e5                bshh_ctrl_roll
                0x200009e8                bshh_ctrl_command_table
                0x20000a08                bshh_ctrl_yaw
                0x20000a09                bshh_ctrl_throttle
                0x20000a0c                . = ALIGN (0x4)
 *fill*         0x20000a0a        0x2 
                0x20000a0c                _ebss = .
                0x20000a0c                __bss_end__ = _ebss

._user_heap_stack
                0x20000a0c      0x604 load address 0x080071cc
                0x20000a10                . = ALIGN (0x8)
 *fill*         0x20000a0c        0x4 
                [!provide]                PROVIDE (end, .)
                [!provide]                PROVIDE (_end, .)
                0x20000c10                . = (. + _Min_Heap_Size)
 *fill*         0x20000a10      0x200 
                0x20001010                . = (. + _Min_Stack_Size)
 *fill*         0x20000c10      0x400 
                0x20001010                . = ALIGN (0x8)

/DISCARD/
 libc.a(*)
 libm.a(*)
 libgcc.a(*)

.ARM.attributes
                0x00000000       0x29
 *(.ARM.attributes)
 .ARM.attributes
                0x00000000       0x1d c:/elipse_arm_ide/gcc-arm-none-eabi/bin/../lib/gcc/arm-none-eabi/5.4.1/armv7-m/crti.o
 .ARM.attributes
                0x0000001d       0x2d c:/elipse_arm_ide/gcc-arm-none-eabi/bin/../lib/gcc/arm-none-eabi/5.4.1/armv7-m/crtbegin.o
 .ARM.attributes
                0x0000004a       0x21 ./startup/startup_stm32f103xb.o
 .ARM.attributes
                0x0000006b       0x33 ./Src/main.o
 .ARM.attributes
                0x0000009e       0x33 ./Src/stm32f1xx_hal_msp.o
 .ARM.attributes
                0x000000d1       0x33 ./Src/stm32f1xx_it.o
 .ARM.attributes
                0x00000104       0x33 ./Src/system_stm32f1xx.o
 .ARM.attributes
                0x00000137       0x33 ./Drivers/STM32F1xx_HAL_Driver/Src/stm32f1xx_hal.o
 .ARM.attributes
                0x0000016a       0x33 ./Drivers/STM32F1xx_HAL_Driver/Src/stm32f1xx_hal_adc.o
 .ARM.attributes
                0x0000019d       0x33 ./Drivers/STM32F1xx_HAL_Driver/Src/stm32f1xx_hal_cortex.o
 .ARM.attributes
                0x000001d0       0x33 ./Drivers/STM32F1xx_HAL_Driver/Src/stm32f1xx_hal_dma.o
 .ARM.attributes
                0x00000203       0x33 ./Drivers/STM32F1xx_HAL_Driver/Src/stm32f1xx_hal_gpio.o
 .ARM.attributes
                0x00000236       0x33 ./Drivers/STM32F1xx_HAL_Driver/Src/stm32f1xx_hal_pcd.o
 .ARM.attributes
                0x00000269       0x33 ./Drivers/STM32F1xx_HAL_Driver/Src/stm32f1xx_hal_rcc.o
 .ARM.attributes
                0x0000029c       0x33 ./Drivers/STM32F1xx_HAL_Driver/Src/stm32f1xx_hal_rcc_ex.o
 .ARM.attributes
                0x000002cf       0x33 ./Drivers/STM32F1xx_HAL_Driver/Src/stm32f1xx_hal_spi.o
 .ARM.attributes
                0x00000302       0x33 ./Drivers/STM32F1xx_HAL_Driver/Src/stm32f1xx_hal_spi_ex.o
 .ARM.attributes
                0x00000335       0x33 ./Drivers/STM32F1xx_HAL_Driver/Src/stm32f1xx_hal_uart.o
 .ARM.attributes
                0x00000368       0x33 ./Drivers/STM32F1xx_HAL_Driver/Src/stm32f1xx_ll_usb.o
 .ARM.attributes
                0x0000039b       0x33 ./Bspilot_Src/bshh_adc.o
 .ARM.attributes
                0x000003ce       0x33 ./Bspilot_Src/bshh_beep.o
 .ARM.attributes
                0x00000401       0x33 ./Bspilot_Src/bshh_ble.o
 .ARM.attributes
                0x00000434       0x33 ./Bspilot_Src/bshh_button.o
 .ARM.attributes
                0x00000467       0x33 ./Bspilot_Src/bshh_ctrl.o
 .ARM.attributes
                0x0000049a       0x33 ./Bspilot_Src/bshh_event.o
 .ARM.attributes
                0x000004cd       0x33 ./Bspilot_Src/bshh_led.o
 .ARM.attributes
                0x00000500       0x33 ./Bspilot_Src/bshh_nrf.o
 .ARM.attributes
                0x00000533       0x33 ./Bspilot_Src/bshh_oled.o
 .ARM.attributes
                0x00000566       0x2d c:/elipse_arm_ide/gcc-arm-none-eabi/bin/../lib/gcc/arm-none-eabi/5.4.1/../../../../arm-none-eabi/lib/armv7-m\libg.a(lib_a-impure.o)
 .ARM.attributes
                0x00000593       0x2d c:/elipse_arm_ide/gcc-arm-none-eabi/bin/../lib/gcc/arm-none-eabi/5.4.1/../../../../arm-none-eabi/lib/armv7-m\libg.a(lib_a-init.o)
 .ARM.attributes
                0x000005c0       0x2d c:/elipse_arm_ide/gcc-arm-none-eabi/bin/../lib/gcc/arm-none-eabi/5.4.1/../../../../arm-none-eabi/lib/armv7-m\libg.a(lib_a-memset.o)
 .ARM.attributes
                0x000005ed       0x2d c:/elipse_arm_ide/gcc-arm-none-eabi/bin/../lib/gcc/arm-none-eabi/5.4.1/../../../../arm-none-eabi/lib/armv7-m\libg.a(lib_a-__call_atexit.o)
 .ARM.attributes
                0x0000061a       0x2d c:/elipse_arm_ide/gcc-arm-none-eabi/bin/../lib/gcc/arm-none-eabi/5.4.1/../../../../arm-none-eabi/lib/armv7-m\libg.a(lib_a-atexit.o)
 .ARM.attributes
                0x00000647       0x2d c:/elipse_arm_ide/gcc-arm-none-eabi/bin/../lib/gcc/arm-none-eabi/5.4.1/../../../../arm-none-eabi/lib/armv7-m\libg.a(lib_a-fini.o)
 .ARM.attributes
                0x00000674       0x2d c:/elipse_arm_ide/gcc-arm-none-eabi/bin/../lib/gcc/arm-none-eabi/5.4.1/../../../../arm-none-eabi/lib/armv7-m\libg.a(lib_a-__atexit.o)
 .ARM.attributes
                0x000006a1       0x1d c:/elipse_arm_ide/gcc-arm-none-eabi/bin/../lib/gcc/arm-none-eabi/5.4.1/armv7-m/crtn.o
OUTPUT(Remoter_bs2017hh_release.elf elf32-littlearm)

.debug_line     0x00000000     0xf60d
 .debug_line    0x00000000       0xb7 ./startup/startup_stm32f103xb.o
 .debug_line    0x000000b7      0x8df ./Src/main.o
 .debug_line    0x00000996      0x7fb ./Src/stm32f1xx_hal_msp.o
 .debug_line    0x00001191      0x7fe ./Src/stm32f1xx_it.o
 .debug_line    0x0000198f      0x76e ./Src/system_stm32f1xx.o
 .debug_line    0x000020fd      0x8b2 ./Drivers/STM32F1xx_HAL_Driver/Src/stm32f1xx_hal.o
 .debug_line    0x000029af      0xd28 ./Drivers/STM32F1xx_HAL_Driver/Src/stm32f1xx_hal_adc.o
 .debug_line    0x000036d7      0x9e7 ./Drivers/STM32F1xx_HAL_Driver/Src/stm32f1xx_hal_cortex.o
 .debug_line    0x000040be      0xd0e ./Drivers/STM32F1xx_HAL_Driver/Src/stm32f1xx_hal_dma.o
 .debug_line    0x00004dcc      0x930 ./Drivers/STM32F1xx_HAL_Driver/Src/stm32f1xx_hal_gpio.o
 .debug_line    0x000056fc      0xc33 ./Drivers/STM32F1xx_HAL_Driver/Src/stm32f1xx_hal_pcd.o
 .debug_line    0x0000632f      0xff5 ./Drivers/STM32F1xx_HAL_Driver/Src/stm32f1xx_hal_rcc.o
 .debug_line    0x00007324      0x890 ./Drivers/STM32F1xx_HAL_Driver/Src/stm32f1xx_hal_rcc_ex.o
 .debug_line    0x00007bb4      0xf6c ./Drivers/STM32F1xx_HAL_Driver/Src/stm32f1xx_hal_spi.o
 .debug_line    0x00008b20      0x778 ./Drivers/STM32F1xx_HAL_Driver/Src/stm32f1xx_hal_spi_ex.o
 .debug_line    0x00009298      0xd9a ./Drivers/STM32F1xx_HAL_Driver/Src/stm32f1xx_hal_uart.o
 .debug_line    0x0000a032      0xbab ./Drivers/STM32F1xx_HAL_Driver/Src/stm32f1xx_ll_usb.o
 .debug_line    0x0000abdd      0x781 ./Bspilot_Src/bshh_adc.o
 .debug_line    0x0000b35e      0x785 ./Bspilot_Src/bshh_beep.o
 .debug_line    0x0000bae3      0x7f0 ./Bspilot_Src/bshh_ble.o
 .debug_line    0x0000c2d3      0x840 ./Bspilot_Src/bshh_button.o
 .debug_line    0x0000cb13      0x85d ./Bspilot_Src/bshh_ctrl.o
 .debug_line    0x0000d370      0x808 ./Bspilot_Src/bshh_event.o
 .debug_line    0x0000db78      0x75f ./Bspilot_Src/bshh_led.o
 .debug_line    0x0000e2d7      0x981 ./Bspilot_Src/bshh_nrf.o
 .debug_line    0x0000ec58      0x9b5 ./Bspilot_Src/bshh_oled.o

.debug_info     0x00000000     0xd23e
 .debug_info    0x00000000       0xc2 ./startup/startup_stm32f103xb.o
 .debug_info    0x000000c2     0x12b9 ./Src/main.o
 .debug_info    0x0000137b     0x1181 ./Src/stm32f1xx_hal_msp.o
 .debug_info    0x000024fc      0x580 ./Src/stm32f1xx_it.o
 .debug_info    0x00002a7c      0x3e8 ./Src/system_stm32f1xx.o
 .debug_info    0x00002e64      0x5e7 ./Drivers/STM32F1xx_HAL_Driver/Src/stm32f1xx_hal.o
 .debug_info    0x0000344b      0xe14 ./Drivers/STM32F1xx_HAL_Driver/Src/stm32f1xx_hal_adc.o
 .debug_info    0x0000425f      0xac3 ./Drivers/STM32F1xx_HAL_Driver/Src/stm32f1xx_hal_cortex.o
 .debug_info    0x00004d22      0x58c ./Drivers/STM32F1xx_HAL_Driver/Src/stm32f1xx_hal_dma.o
 .debug_info    0x000052ae      0x5f9 ./Drivers/STM32F1xx_HAL_Driver/Src/stm32f1xx_hal_gpio.o
 .debug_info    0x000058a7      0xcba ./Drivers/STM32F1xx_HAL_Driver/Src/stm32f1xx_hal_pcd.o
 .debug_info    0x00006561     0x13fd ./Drivers/STM32F1xx_HAL_Driver/Src/stm32f1xx_hal_rcc.o
 .debug_info    0x0000795e      0x545 ./Drivers/STM32F1xx_HAL_Driver/Src/stm32f1xx_hal_rcc_ex.o
 .debug_info    0x00007ea3      0xe66 ./Drivers/STM32F1xx_HAL_Driver/Src/stm32f1xx_hal_spi.o
 .debug_info    0x00008d09      0x58f ./Drivers/STM32F1xx_HAL_Driver/Src/stm32f1xx_hal_spi_ex.o
 .debug_info    0x00009298      0xdf4 ./Drivers/STM32F1xx_HAL_Driver/Src/stm32f1xx_hal_uart.o
 .debug_info    0x0000a08c      0xe68 ./Drivers/STM32F1xx_HAL_Driver/Src/stm32f1xx_ll_usb.o
 .debug_info    0x0000aef4      0x4fd ./Bspilot_Src/bshh_adc.o
 .debug_info    0x0000b3f1      0x1be ./Bspilot_Src/bshh_beep.o
 .debug_info    0x0000b5af      0x5ca ./Bspilot_Src/bshh_ble.o
 .debug_info    0x0000bb79      0x1df ./Bspilot_Src/bshh_button.o
 .debug_info    0x0000bd58      0x2ca ./Bspilot_Src/bshh_ctrl.o
 .debug_info    0x0000c022      0x18e ./Bspilot_Src/bshh_event.o
 .debug_info    0x0000c1b0      0x183 ./Bspilot_Src/bshh_led.o
 .debug_info    0x0000c333      0x972 ./Bspilot_Src/bshh_nrf.o
 .debug_info    0x0000cca5      0x599 ./Bspilot_Src/bshh_oled.o

.debug_abbrev   0x00000000     0x28b2
 .debug_abbrev  0x00000000       0x12 ./startup/startup_stm32f103xb.o
 .debug_abbrev  0x00000012      0x219 ./Src/main.o
 .debug_abbrev  0x0000022b      0x1d7 ./Src/stm32f1xx_hal_msp.o
 .debug_abbrev  0x00000402      0x12e ./Src/stm32f1xx_it.o
 .debug_abbrev  0x00000530      0x125 ./Src/system_stm32f1xx.o
 .debug_abbrev  0x00000655      0x1fb ./Drivers/STM32F1xx_HAL_Driver/Src/stm32f1xx_hal.o
 .debug_abbrev  0x00000850      0x208 ./Drivers/STM32F1xx_HAL_Driver/Src/stm32f1xx_hal_adc.o
 .debug_abbrev  0x00000a58      0x273 ./Drivers/STM32F1xx_HAL_Driver/Src/stm32f1xx_hal_cortex.o
 .debug_abbrev  0x00000ccb      0x1b8 ./Drivers/STM32F1xx_HAL_Driver/Src/stm32f1xx_hal_dma.o
 .debug_abbrev  0x00000e83      0x1af ./Drivers/STM32F1xx_HAL_Driver/Src/stm32f1xx_hal_gpio.o
 .debug_abbrev  0x00001032      0x235 ./Drivers/STM32F1xx_HAL_Driver/Src/stm32f1xx_hal_pcd.o
 .debug_abbrev  0x00001267      0x279 ./Drivers/STM32F1xx_HAL_Driver/Src/stm32f1xx_hal_rcc.o
 .debug_abbrev  0x000014e0      0x1ee ./Drivers/STM32F1xx_HAL_Driver/Src/stm32f1xx_hal_rcc_ex.o
 .debug_abbrev  0x000016ce      0x200 ./Drivers/STM32F1xx_HAL_Driver/Src/stm32f1xx_hal_spi.o
 .debug_abbrev  0x000018ce      0x154 ./Drivers/STM32F1xx_HAL_Driver/Src/stm32f1xx_hal_spi_ex.o
 .debug_abbrev  0x00001a22      0x21a ./Drivers/STM32F1xx_HAL_Driver/Src/stm32f1xx_hal_uart.o
 .debug_abbrev  0x00001c3c      0x191 ./Drivers/STM32F1xx_HAL_Driver/Src/stm32f1xx_ll_usb.o
 .debug_abbrev  0x00001dcd      0x171 ./Bspilot_Src/bshh_adc.o
 .debug_abbrev  0x00001f3e       0xe3 ./Bspilot_Src/bshh_beep.o
 .debug_abbrev  0x00002021      0x18f ./Bspilot_Src/bshh_ble.o
 .debug_abbrev  0x000021b0      0x105 ./Bspilot_Src/bshh_button.o
 .debug_abbrev  0x000022b5      0x10a ./Bspilot_Src/bshh_ctrl.o
 .debug_abbrev  0x000023bf       0xc7 ./Bspilot_Src/bshh_event.o
 .debug_abbrev  0x00002486       0xcb ./Bspilot_Src/bshh_led.o
 .debug_abbrev  0x00002551      0x218 ./Bspilot_Src/bshh_nrf.o
 .debug_abbrev  0x00002769      0x149 ./Bspilot_Src/bshh_oled.o

.debug_aranges  0x00000000      0xd30
 .debug_aranges
                0x00000000       0x28 ./startup/startup_stm32f103xb.o
 .debug_aranges
                0x00000028       0x60 ./Src/main.o
 .debug_aranges
                0x00000088       0x60 ./Src/stm32f1xx_hal_msp.o
 .debug_aranges
                0x000000e8       0x70 ./Src/stm32f1xx_it.o
 .debug_aranges
                0x00000158       0x28 ./Src/system_stm32f1xx.o
 .debug_aranges
                0x00000180       0xb0 ./Drivers/STM32F1xx_HAL_Driver/Src/stm32f1xx_hal.o
 .debug_aranges
                0x00000230       0xf0 ./Drivers/STM32F1xx_HAL_Driver/Src/stm32f1xx_hal_adc.o
 .debug_aranges
                0x00000320      0x100 ./Drivers/STM32F1xx_HAL_Driver/Src/stm32f1xx_hal_cortex.o
 .debug_aranges
                0x00000420       0x68 ./Drivers/STM32F1xx_HAL_Driver/Src/stm32f1xx_hal_dma.o
 .debug_aranges
                0x00000488       0x58 ./Drivers/STM32F1xx_HAL_Driver/Src/stm32f1xx_hal_gpio.o
 .debug_aranges
                0x000004e0      0x120 ./Drivers/STM32F1xx_HAL_Driver/Src/stm32f1xx_hal_pcd.o
 .debug_aranges
                0x00000600       0x88 ./Drivers/STM32F1xx_HAL_Driver/Src/stm32f1xx_hal_rcc.o
 .debug_aranges
                0x00000688       0x30 ./Drivers/STM32F1xx_HAL_Driver/Src/stm32f1xx_hal_rcc_ex.o
 .debug_aranges
                0x000006b8      0x158 ./Drivers/STM32F1xx_HAL_Driver/Src/stm32f1xx_hal_spi.o
 .debug_aranges
                0x00000810       0x28 ./Drivers/STM32F1xx_HAL_Driver/Src/stm32f1xx_hal_spi_ex.o
 .debug_aranges
                0x00000838      0x150 ./Drivers/STM32F1xx_HAL_Driver/Src/stm32f1xx_hal_uart.o
 .debug_aranges
                0x00000988      0x100 ./Drivers/STM32F1xx_HAL_Driver/Src/stm32f1xx_ll_usb.o
 .debug_aranges
                0x00000a88       0x30 ./Bspilot_Src/bshh_adc.o
 .debug_aranges
                0x00000ab8       0x38 ./Bspilot_Src/bshh_beep.o
 .debug_aranges
                0x00000af0       0x40 ./Bspilot_Src/bshh_ble.o
 .debug_aranges
                0x00000b30       0x30 ./Bspilot_Src/bshh_button.o
 .debug_aranges
                0x00000b60       0x48 ./Bspilot_Src/bshh_ctrl.o
 .debug_aranges
                0x00000ba8       0x40 ./Bspilot_Src/bshh_event.o
 .debug_aranges
                0x00000be8       0x28 ./Bspilot_Src/bshh_led.o
 .debug_aranges
                0x00000c10       0x90 ./Bspilot_Src/bshh_nrf.o
 .debug_aranges
                0x00000ca0       0x90 ./Bspilot_Src/bshh_oled.o

.debug_ranges   0x00000000      0xb98
 .debug_ranges  0x00000000       0x20 ./startup/startup_stm32f103xb.o
 .debug_ranges  0x00000020       0x50 ./Src/main.o
 .debug_ranges  0x00000070       0x50 ./Src/stm32f1xx_hal_msp.o
 .debug_ranges  0x000000c0       0x60 ./Src/stm32f1xx_it.o
 .debug_ranges  0x00000120       0x18 ./Src/system_stm32f1xx.o
 .debug_ranges  0x00000138       0xa0 ./Drivers/STM32F1xx_HAL_Driver/Src/stm32f1xx_hal.o
 .debug_ranges  0x000001d8       0xe0 ./Drivers/STM32F1xx_HAL_Driver/Src/stm32f1xx_hal_adc.o
 .debug_ranges  0x000002b8       0xf0 ./Drivers/STM32F1xx_HAL_Driver/Src/stm32f1xx_hal_cortex.o
 .debug_ranges  0x000003a8       0x58 ./Drivers/STM32F1xx_HAL_Driver/Src/stm32f1xx_hal_dma.o
 .debug_ranges  0x00000400       0x48 ./Drivers/STM32F1xx_HAL_Driver/Src/stm32f1xx_hal_gpio.o
 .debug_ranges  0x00000448      0x110 ./Drivers/STM32F1xx_HAL_Driver/Src/stm32f1xx_hal_pcd.o
 .debug_ranges  0x00000558       0x78 ./Drivers/STM32F1xx_HAL_Driver/Src/stm32f1xx_hal_rcc.o
 .debug_ranges  0x000005d0       0x20 ./Drivers/STM32F1xx_HAL_Driver/Src/stm32f1xx_hal_rcc_ex.o
 .debug_ranges  0x000005f0      0x148 ./Drivers/STM32F1xx_HAL_Driver/Src/stm32f1xx_hal_spi.o
 .debug_ranges  0x00000738       0x18 ./Drivers/STM32F1xx_HAL_Driver/Src/stm32f1xx_hal_spi_ex.o
 .debug_ranges  0x00000750      0x140 ./Drivers/STM32F1xx_HAL_Driver/Src/stm32f1xx_hal_uart.o
 .debug_ranges  0x00000890       0xf0 ./Drivers/STM32F1xx_HAL_Driver/Src/stm32f1xx_ll_usb.o
 .debug_ranges  0x00000980       0x20 ./Bspilot_Src/bshh_adc.o
 .debug_ranges  0x000009a0       0x28 ./Bspilot_Src/bshh_beep.o
 .debug_ranges  0x000009c8       0x30 ./Bspilot_Src/bshh_ble.o
 .debug_ranges  0x000009f8       0x20 ./Bspilot_Src/bshh_button.o
 .debug_ranges  0x00000a18       0x38 ./Bspilot_Src/bshh_ctrl.o
 .debug_ranges  0x00000a50       0x30 ./Bspilot_Src/bshh_event.o
 .debug_ranges  0x00000a80       0x18 ./Bspilot_Src/bshh_led.o
 .debug_ranges  0x00000a98       0x80 ./Bspilot_Src/bshh_nrf.o
 .debug_ranges  0x00000b18       0x80 ./Bspilot_Src/bshh_oled.o

.debug_macro    0x00000000    0x1bd98
 .debug_macro   0x00000000      0x33c ./Src/main.o
 .debug_macro   0x0000033c      0x86e ./Src/main.o
 .debug_macro   0x00000baa      0x173 ./Src/main.o
 .debug_macro   0x00000d1d       0x2e ./Src/main.o
 .debug_macro   0x00000d4b       0x22 ./Src/main.o
 .debug_macro   0x00000d6d       0x22 ./Src/main.o
 .debug_macro   0x00000d8f       0x87 ./Src/main.o
 .debug_macro   0x00000e16       0x44 ./Src/main.o
 .debug_macro   0x00000e5a       0xfd ./Src/main.o
 .debug_macro   0x00000f57       0x5e ./Src/main.o
 .debug_macro   0x00000fb5      0x1df ./Src/main.o
 .debug_macro   0x00001194       0x34 ./Src/main.o
 .debug_macro   0x000011c8       0x34 ./Src/main.o
 .debug_macro   0x000011fc      0xb8e ./Src/main.o
 .debug_macro   0x00001d8a     0xf2f7 ./Src/main.o
 .debug_macro   0x00011081       0x43 ./Src/main.o
 .debug_macro   0x000110c4     0x3383 ./Src/main.o
 .debug_macro   0x00014447       0x52 ./Src/main.o
 .debug_macro   0x00014499       0x35 ./Src/main.o
 .debug_macro   0x000144ce       0x9c ./Src/main.o
 .debug_macro   0x0001456a       0x16 ./Src/main.o
 .debug_macro   0x00014580       0x97 ./Src/main.o
 .debug_macro   0x00014617      0x30d ./Src/main.o
 .debug_macro   0x00014924       0xfd ./Src/main.o
 .debug_macro   0x00014a21       0x10 ./Src/main.o
 .debug_macro   0x00014a31       0x52 ./Src/main.o
 .debug_macro   0x00014a83       0x1f ./Src/main.o
 .debug_macro   0x00014aa2       0x43 ./Src/main.o
 .debug_macro   0x00014ae5       0x20 ./Src/main.o
 .debug_macro   0x00014b05      0x187 ./Src/main.o
 .debug_macro   0x00014c8c       0x10 ./Src/main.o
 .debug_macro   0x00014c9c       0x1c ./Src/main.o
 .debug_macro   0x00014cb8       0x52 ./Src/main.o
 .debug_macro   0x00014d0a       0x40 ./Src/main.o
 .debug_macro   0x00014d4a       0x10 ./Src/main.o
 .debug_macro   0x00014d5a       0x40 ./Src/main.o
 .debug_macro   0x00014d9a       0xd7 ./Src/main.o
 .debug_macro   0x00014e71       0x16 ./Src/main.o
 .debug_macro   0x00014e87      0x18b ./Src/main.o
 .debug_macro   0x00015012       0x57 ./Src/main.o
 .debug_macro   0x00015069      0x778 ./Src/main.o
 .debug_macro   0x000157e1      0x28b ./Src/main.o
 .debug_macro   0x00015a6c      0x141 ./Src/main.o
 .debug_macro   0x00015bad      0x197 ./Src/main.o
 .debug_macro   0x00015d44      0x1ae ./Src/main.o
 .debug_macro   0x00015ef2       0x2d ./Src/main.o
 .debug_macro   0x00015f1f       0x3c ./Src/main.o
 .debug_macro   0x00015f5b       0x57 ./Src/main.o
 .debug_macro   0x00015fb2      0x46a ./Src/main.o
 .debug_macro   0x0001641c      0x1b5 ./Src/main.o
 .debug_macro   0x000165d1       0x8c ./Src/main.o
 .debug_macro   0x0001665d      0x242 ./Src/main.o
 .debug_macro   0x0001689f      0x143 ./Src/main.o
 .debug_macro   0x000169e2      0x1f4 ./Src/main.o
 .debug_macro   0x00016bd6      0x256 ./Src/main.o
 .debug_macro   0x00016e2c       0x50 ./Src/main.o
 .debug_macro   0x00016e7c      0x26c ./Src/main.o
 .debug_macro   0x000170e8       0x7c ./Src/main.o
 .debug_macro   0x00017164       0x46 ./Src/main.o
 .debug_macro   0x000171aa       0x22 ./Src/main.o
 .debug_macro   0x000171cc       0x16 ./Src/main.o
 .debug_macro   0x000171e2      0x309 ./Src/stm32f1xx_hal_msp.o
 .debug_macro   0x000174eb      0x313 ./Src/stm32f1xx_it.o
 .debug_macro   0x000177fe      0x30f ./Src/system_stm32f1xx.o
 .debug_macro   0x00017b0d      0x32d ./Drivers/STM32F1xx_HAL_Driver/Src/stm32f1xx_hal.o
 .debug_macro   0x00017e3a      0x326 ./Drivers/STM32F1xx_HAL_Driver/Src/stm32f1xx_hal_adc.o
 .debug_macro   0x00018160      0x309 ./Drivers/STM32F1xx_HAL_Driver/Src/stm32f1xx_hal_cortex.o
 .debug_macro   0x00018469      0x30f ./Drivers/STM32F1xx_HAL_Driver/Src/stm32f1xx_hal_dma.o
 .debug_macro   0x00018778      0x379 ./Drivers/STM32F1xx_HAL_Driver/Src/stm32f1xx_hal_gpio.o
 .debug_macro   0x00018af1      0x315 ./Drivers/STM32F1xx_HAL_Driver/Src/stm32f1xx_hal_pcd.o
 .debug_macro   0x00018e06      0x32d ./Drivers/STM32F1xx_HAL_Driver/Src/stm32f1xx_hal_rcc.o
 .debug_macro   0x00019133      0x309 ./Drivers/STM32F1xx_HAL_Driver/Src/stm32f1xx_hal_rcc_ex.o
 .debug_macro   0x0001943c      0x311 ./Drivers/STM32F1xx_HAL_Driver/Src/stm32f1xx_hal_spi.o
 .debug_macro   0x0001974d      0x309 ./Drivers/STM32F1xx_HAL_Driver/Src/stm32f1xx_hal_spi_ex.o
 .debug_macro   0x00019a56      0x30a ./Drivers/STM32F1xx_HAL_Driver/Src/stm32f1xx_hal_uart.o
 .debug_macro   0x00019d60      0x309 ./Drivers/STM32F1xx_HAL_Driver/Src/stm32f1xx_ll_usb.o
 .debug_macro   0x0001a069      0x32a ./Bspilot_Src/bshh_adc.o
 .debug_macro   0x0001a393      0x321 ./Bspilot_Src/bshh_beep.o
 .debug_macro   0x0001a6b4      0x33d ./Bspilot_Src/bshh_ble.o
 .debug_macro   0x0001a9f1      0x347 ./Bspilot_Src/bshh_button.o
 .debug_macro   0x0001ad38      0x33d ./Bspilot_Src/bshh_ctrl.o
 .debug_macro   0x0001b075      0x364 ./Bspilot_Src/bshh_event.o
 .debug_macro   0x0001b3d9      0x321 ./Bspilot_Src/bshh_led.o
 .debug_macro   0x0001b6fa      0x331 ./Bspilot_Src/bshh_nrf.o
 .debug_macro   0x0001ba2b       0x3a ./Bspilot_Src/bshh_nrf.o
 .debug_macro   0x0001ba65      0x333 ./Bspilot_Src/bshh_oled.o

.debug_str      0x00000000    0x90b72
 .debug_str     0x00000000    0x8da77 ./Src/main.o
                              0x8dec1 (size before relaxing)
 .debug_str     0x0008da77      0x124 ./Src/stm32f1xx_hal_msp.o
                              0x8d8e6 (size before relaxing)
 .debug_str     0x0008db9b      0x156 ./Src/stm32f1xx_it.o
                              0x8d099 (size before relaxing)
 .debug_str     0x0008dcf1      0x11b ./Src/system_stm32f1xx.o
                              0x8cd37 (size before relaxing)
 .debug_str     0x0008de0c      0x2f1 ./Drivers/STM32F1xx_HAL_Driver/Src/stm32f1xx_hal.o
                              0x8d2ca (size before relaxing)
 .debug_str     0x0008e0fd      0x3c0 ./Drivers/STM32F1xx_HAL_Driver/Src/stm32f1xx_hal_adc.o
                              0x8d34c (size before relaxing)
 .debug_str     0x0008e4bd      0x2be ./Drivers/STM32F1xx_HAL_Driver/Src/stm32f1xx_hal_cortex.o
                              0x8d321 (size before relaxing)
 .debug_str     0x0008e77b      0x1ae ./Drivers/STM32F1xx_HAL_Driver/Src/stm32f1xx_hal_dma.o
                              0x8cf83 (size before relaxing)
 .debug_str     0x0008e929      0x410 ./Drivers/STM32F1xx_HAL_Driver/Src/stm32f1xx_hal_gpio.o
                              0x8d106 (size before relaxing)
 .debug_str     0x0008ed39      0x3e4 ./Drivers/STM32F1xx_HAL_Driver/Src/stm32f1xx_hal_pcd.o
                              0x8d345 (size before relaxing)
 .debug_str     0x0008f11d      0x2f4 ./Drivers/STM32F1xx_HAL_Driver/Src/stm32f1xx_hal_rcc.o
                              0x8d140 (size before relaxing)
 .debug_str     0x0008f411       0xf3 ./Drivers/STM32F1xx_HAL_Driver/Src/stm32f1xx_hal_rcc_ex.o
                              0x8ce23 (size before relaxing)
 .debug_str     0x0008f504      0x3b7 ./Drivers/STM32F1xx_HAL_Driver/Src/stm32f1xx_hal_spi.o
                              0x8d3b4 (size before relaxing)
 .debug_str     0x0008f8bb       0x8e ./Drivers/STM32F1xx_HAL_Driver/Src/stm32f1xx_hal_spi_ex.o
                              0x8d054 (size before relaxing)
 .debug_str     0x0008f949      0x39c ./Drivers/STM32F1xx_HAL_Driver/Src/stm32f1xx_hal_uart.o
                              0x8d39f (size before relaxing)
 .debug_str     0x0008fce5      0x309 ./Drivers/STM32F1xx_HAL_Driver/Src/stm32f1xx_ll_usb.o
                              0x8d186 (size before relaxing)
 .debug_str     0x0008ffee       0xad ./Bspilot_Src/bshh_adc.o
                              0x8d22d (size before relaxing)
 .debug_str     0x0009009b       0xa1 ./Bspilot_Src/bshh_beep.o
                              0x8ccb3 (size before relaxing)
 .debug_str     0x0009013c      0x121 ./Bspilot_Src/bshh_ble.o
                              0x8d394 (size before relaxing)
 .debug_str     0x0009025d       0xaa ./Bspilot_Src/bshh_button.o
                              0x8cfff (size before relaxing)
 .debug_str     0x00090307      0x193 ./Bspilot_Src/bshh_ctrl.o
                              0x8ceea (size before relaxing)
 .debug_str     0x0009049a       0xc1 ./Bspilot_Src/bshh_event.o
                              0x8d136 (size before relaxing)
 .debug_str     0x0009055b       0x76 ./Bspilot_Src/bshh_led.o
                              0x8cc7a (size before relaxing)
 .debug_str     0x000905d1      0x360 ./Bspilot_Src/bshh_nrf.o
                              0x8d730 (size before relaxing)
 .debug_str     0x00090931      0x241 ./Bspilot_Src/bshh_oled.o
                              0x8d183 (size before relaxing)

.comment        0x00000000       0x6e
 .comment       0x00000000       0x6e ./Src/main.o
                                 0x6f (size before relaxing)
 .comment       0x0000006e       0x6f ./Src/stm32f1xx_hal_msp.o
 .comment       0x0000006e       0x6f ./Src/stm32f1xx_it.o
 .comment       0x0000006e       0x6f ./Src/system_stm32f1xx.o
 .comment       0x0000006e       0x6f ./Drivers/STM32F1xx_HAL_Driver/Src/stm32f1xx_hal.o
 .comment       0x0000006e       0x6f ./Drivers/STM32F1xx_HAL_Driver/Src/stm32f1xx_hal_adc.o
 .comment       0x0000006e       0x6f ./Drivers/STM32F1xx_HAL_Driver/Src/stm32f1xx_hal_cortex.o
 .comment       0x0000006e       0x6f ./Drivers/STM32F1xx_HAL_Driver/Src/stm32f1xx_hal_dma.o
 .comment       0x0000006e       0x6f ./Drivers/STM32F1xx_HAL_Driver/Src/stm32f1xx_hal_gpio.o
 .comment       0x0000006e       0x6f ./Drivers/STM32F1xx_HAL_Driver/Src/stm32f1xx_hal_pcd.o
 .comment       0x0000006e       0x6f ./Drivers/STM32F1xx_HAL_Driver/Src/stm32f1xx_hal_rcc.o
 .comment       0x0000006e       0x6f ./Drivers/STM32F1xx_HAL_Driver/Src/stm32f1xx_hal_rcc_ex.o
 .comment       0x0000006e       0x6f ./Drivers/STM32F1xx_HAL_Driver/Src/stm32f1xx_hal_spi.o
 .comment       0x0000006e       0x6f ./Drivers/STM32F1xx_HAL_Driver/Src/stm32f1xx_hal_spi_ex.o
 .comment       0x0000006e       0x6f ./Drivers/STM32F1xx_HAL_Driver/Src/stm32f1xx_hal_uart.o
 .comment       0x0000006e       0x6f ./Drivers/STM32F1xx_HAL_Driver/Src/stm32f1xx_ll_usb.o
 .comment       0x0000006e       0x6f ./Bspilot_Src/bshh_adc.o
 .comment       0x0000006e       0x6f ./Bspilot_Src/bshh_beep.o
 .comment       0x0000006e       0x6f ./Bspilot_Src/bshh_ble.o
 .comment       0x0000006e       0x6f ./Bspilot_Src/bshh_button.o
 .comment       0x0000006e       0x6f ./Bspilot_Src/bshh_ctrl.o
 .comment       0x0000006e       0x6f ./Bspilot_Src/bshh_event.o
 .comment       0x0000006e       0x6f ./Bspilot_Src/bshh_led.o
 .comment       0x0000006e       0x6f ./Bspilot_Src/bshh_nrf.o
 .comment       0x0000006e       0x6f ./Bspilot_Src/bshh_oled.o

.debug_frame    0x00000000     0x33bc
 .debug_frame   0x00000000      0x128 ./Src/main.o
 .debug_frame   0x00000128      0x15c ./Src/stm32f1xx_hal_msp.o
 .debug_frame   0x00000284      0x144 ./Src/stm32f1xx_it.o
 .debug_frame   0x000003c8       0x58 ./Src/system_stm32f1xx.o
 .debug_frame   0x00000420      0x278 ./Drivers/STM32F1xx_HAL_Driver/Src/stm32f1xx_hal.o
 .debug_frame   0x00000698      0x410 ./Drivers/STM32F1xx_HAL_Driver/Src/stm32f1xx_hal_adc.o
 .debug_frame   0x00000aa8      0x428 ./Drivers/STM32F1xx_HAL_Driver/Src/stm32f1xx_hal_cortex.o
 .debug_frame   0x00000ed0      0x194 ./Drivers/STM32F1xx_HAL_Driver/Src/stm32f1xx_hal_dma.o
 .debug_frame   0x00001064      0x14c ./Drivers/STM32F1xx_HAL_Driver/Src/stm32f1xx_hal_gpio.o
 .debug_frame   0x000011b0      0x4fc ./Drivers/STM32F1xx_HAL_Driver/Src/stm32f1xx_hal_pcd.o
 .debug_frame   0x000016ac      0x21c ./Drivers/STM32F1xx_HAL_Driver/Src/stm32f1xx_hal_rcc.o
 .debug_frame   0x000018c8       0x84 ./Drivers/STM32F1xx_HAL_Driver/Src/stm32f1xx_hal_rcc_ex.o
 .debug_frame   0x0000194c      0x5fc ./Drivers/STM32F1xx_HAL_Driver/Src/stm32f1xx_hal_spi.o
 .debug_frame   0x00001f48       0x5c ./Drivers/STM32F1xx_HAL_Driver/Src/stm32f1xx_hal_spi_ex.o
 .debug_frame   0x00001fa4      0x5e0 ./Drivers/STM32F1xx_HAL_Driver/Src/stm32f1xx_hal_uart.o
 .debug_frame   0x00002584      0x4b0 ./Drivers/STM32F1xx_HAL_Driver/Src/stm32f1xx_ll_usb.o
 .debug_frame   0x00002a34       0x6c ./Bspilot_Src/bshh_adc.o
 .debug_frame   0x00002aa0       0x88 ./Bspilot_Src/bshh_beep.o
 .debug_frame   0x00002b28       0xb4 ./Bspilot_Src/bshh_ble.o
 .debug_frame   0x00002bdc       0x6c ./Bspilot_Src/bshh_button.o
 .debug_frame   0x00002c48       0xf4 ./Bspilot_Src/bshh_ctrl.o
 .debug_frame   0x00002d3c       0xa4 ./Bspilot_Src/bshh_event.o
 .debug_frame   0x00002de0       0x50 ./Bspilot_Src/bshh_led.o
 .debug_frame   0x00002e30      0x228 ./Bspilot_Src/bshh_nrf.o
 .debug_frame   0x00003058      0x22c ./Bspilot_Src/bshh_oled.o
 .debug_frame   0x00003284       0x2c c:/elipse_arm_ide/gcc-arm-none-eabi/bin/../lib/gcc/arm-none-eabi/5.4.1/../../../../arm-none-eabi/lib/armv7-m\libg.a(lib_a-init.o)
 .debug_frame   0x000032b0       0x34 c:/elipse_arm_ide/gcc-arm-none-eabi/bin/../lib/gcc/arm-none-eabi/5.4.1/../../../../arm-none-eabi/lib/armv7-m\libg.a(lib_a-memset.o)
 .debug_frame   0x000032e4       0x50 c:/elipse_arm_ide/gcc-arm-none-eabi/bin/../lib/gcc/arm-none-eabi/5.4.1/../../../../arm-none-eabi/lib/armv7-m\libg.a(lib_a-__call_atexit.o)
 .debug_frame   0x00003334       0x20 c:/elipse_arm_ide/gcc-arm-none-eabi/bin/../lib/gcc/arm-none-eabi/5.4.1/../../../../arm-none-eabi/lib/armv7-m\libg.a(lib_a-atexit.o)
 .debug_frame   0x00003354       0x34 c:/elipse_arm_ide/gcc-arm-none-eabi/bin/../lib/gcc/arm-none-eabi/5.4.1/../../../../arm-none-eabi/lib/armv7-m\libg.a(lib_a-fini.o)
 .debug_frame   0x00003388       0x34 c:/elipse_arm_ide/gcc-arm-none-eabi/bin/../lib/gcc/arm-none-eabi/5.4.1/../../../../arm-none-eabi/lib/armv7-m\libg.a(lib_a-__atexit.o)
